../USB_DEVICE/Target/usbd_conf.c:72:6:HAL_PCD_SetupStageCallback	0	static
../USB_DEVICE/Target/usbd_conf.c:87:6:HAL_PCD_DataOutStageCallback	0	static
../USB_DEVICE/Target/usbd_conf.c:102:6:HAL_PCD_DataInStageCallback	0	static
../USB_DEVICE/Target/usbd_conf.c:116:6:HAL_PCD_SOFCallback	0	static
../USB_DEVICE/Target/usbd_conf.c:130:6:HAL_PCD_ResetCallback	8	static
../USB_DEVICE/Target/usbd_conf.c:163:6:HAL_PCD_SuspendCallback	8	static
../USB_DEVICE/Target/usbd_conf.c:190:6:HAL_PCD_ResumeCallback	8	static
../USB_DEVICE/Target/usbd_conf.c:209:6:HAL_PCD_ISOOUTIncompleteCallback	0	static
../USB_DEVICE/Target/usbd_conf.c:224:6:HAL_PCD_ISOINIncompleteCallback	0	static
../USB_DEVICE/Target/usbd_conf.c:238:6:HAL_PCD_ConnectCallback	8	static
../USB_DEVICE/Target/usbd_conf.c:255:6:HAL_PCD_DisconnectCallback	8	static
../USB_DEVICE/Target/usbd_conf.c:273:20:USBD_LL_Init	8	static
../USB_DEVICE/Target/usbd_conf.c:468:9:USBD_LL_IsStallEP	0	static
../USB_DEVICE/Target/usbd_conf.c:546:10:USBD_LL_GetRxDataSize	0	static
../USB_DEVICE/Target/usbd_conf.c:556:6:USBD_LL_Delay	0	static
../USB_DEVICE/Target/usbd_conf.c:566:20:USBD_Get_USB_Status	0	static
../USB_DEVICE/Target/usbd_conf.c:324:20:USBD_LL_DeInit	8	static
../USB_DEVICE/Target/usbd_conf.c:341:20:USBD_LL_Start	8	static
../USB_DEVICE/Target/usbd_conf.c:358:20:USBD_LL_Stop	8	static
../USB_DEVICE/Target/usbd_conf.c:378:20:USBD_LL_OpenEP	8	static
../USB_DEVICE/Target/usbd_conf.c:396:20:USBD_LL_CloseEP	8	static
../USB_DEVICE/Target/usbd_conf.c:414:20:USBD_LL_FlushEP	8	static
../USB_DEVICE/Target/usbd_conf.c:432:20:USBD_LL_StallEP	8	static
../USB_DEVICE/Target/usbd_conf.c:450:20:USBD_LL_ClearStallEP	8	static
../USB_DEVICE/Target/usbd_conf.c:488:20:USBD_LL_SetUSBAddress	8	static
../USB_DEVICE/Target/usbd_conf.c:508:20:USBD_LL_Transmit	8	static
../USB_DEVICE/Target/usbd_conf.c:528:20:USBD_LL_PrepareReceive	8	static
