Archive member included to satisfy reference by file (symbol)

s:/st/stm32cubeide_1.9.0/stm32cubeide/plugins/com.st.stm32cube.ide.mcu.externaltools.gnu-tools-for-stm32.10.3-2021.10.win32_1.0.0.202111181127/tools/bin/../lib/gcc/arm-none-eabi/10.3.1/../../../../arm-none-eabi/lib/thumb/v7e-m+dp/hard\libc_nano.a(lib_a-errno.o)
                              ./Core/Src/syscalls.o (__errno)
s:/st/stm32cubeide_1.9.0/stm32cubeide/plugins/com.st.stm32cube.ide.mcu.externaltools.gnu-tools-for-stm32.10.3-2021.10.win32_1.0.0.202111181127/tools/bin/../lib/gcc/arm-none-eabi/10.3.1/../../../../arm-none-eabi/lib/thumb/v7e-m+dp/hard\libc_nano.a(lib_a-exit.o)
                              s:/st/stm32cubeide_1.9.0/stm32cubeide/plugins/com.st.stm32cube.ide.mcu.externaltools.gnu-tools-for-stm32.10.3-2021.10.win32_1.0.0.202111181127/tools/bin/../lib/gcc/arm-none-eabi/10.3.1/../../../../arm-none-eabi/lib/thumb/v7e-m+dp/hard/crt0.o (exit)
s:/st/stm32cubeide_1.9.0/stm32cubeide/plugins/com.st.stm32cube.ide.mcu.externaltools.gnu-tools-for-stm32.10.3-2021.10.win32_1.0.0.202111181127/tools/bin/../lib/gcc/arm-none-eabi/10.3.1/../../../../arm-none-eabi/lib/thumb/v7e-m+dp/hard\libc_nano.a(lib_a-impure.o)
                              s:/st/stm32cubeide_1.9.0/stm32cubeide/plugins/com.st.stm32cube.ide.mcu.externaltools.gnu-tools-for-stm32.10.3-2021.10.win32_1.0.0.202111181127/tools/bin/../lib/gcc/arm-none-eabi/10.3.1/../../../../arm-none-eabi/lib/thumb/v7e-m+dp/hard\libc_nano.a(lib_a-exit.o) (_global_impure_ptr)
s:/st/stm32cubeide_1.9.0/stm32cubeide/plugins/com.st.stm32cube.ide.mcu.externaltools.gnu-tools-for-stm32.10.3-2021.10.win32_1.0.0.202111181127/tools/bin/../lib/gcc/arm-none-eabi/10.3.1/../../../../arm-none-eabi/lib/thumb/v7e-m+dp/hard\libc_nano.a(lib_a-init.o)
                              s:/st/stm32cubeide_1.9.0/stm32cubeide/plugins/com.st.stm32cube.ide.mcu.externaltools.gnu-tools-for-stm32.10.3-2021.10.win32_1.0.0.202111181127/tools/bin/../lib/gcc/arm-none-eabi/10.3.1/../../../../arm-none-eabi/lib/thumb/v7e-m+dp/hard/crt0.o (__libc_init_array)
s:/st/stm32cubeide_1.9.0/stm32cubeide/plugins/com.st.stm32cube.ide.mcu.externaltools.gnu-tools-for-stm32.10.3-2021.10.win32_1.0.0.202111181127/tools/bin/../lib/gcc/arm-none-eabi/10.3.1/../../../../arm-none-eabi/lib/thumb/v7e-m+dp/hard\libc_nano.a(lib_a-memset.o)
                              s:/st/stm32cubeide_1.9.0/stm32cubeide/plugins/com.st.stm32cube.ide.mcu.externaltools.gnu-tools-for-stm32.10.3-2021.10.win32_1.0.0.202111181127/tools/bin/../lib/gcc/arm-none-eabi/10.3.1/../../../../arm-none-eabi/lib/thumb/v7e-m+dp/hard/crt0.o (memset)

Discarded input sections

 .text          0x0000000000000000        0x0 s:/st/stm32cubeide_1.9.0/stm32cubeide/plugins/com.st.stm32cube.ide.mcu.externaltools.gnu-tools-for-stm32.10.3-2021.10.win32_1.0.0.202111181127/tools/bin/../lib/gcc/arm-none-eabi/10.3.1/thumb/v7e-m+dp/hard/crti.o
 .data          0x0000000000000000        0x0 s:/st/stm32cubeide_1.9.0/stm32cubeide/plugins/com.st.stm32cube.ide.mcu.externaltools.gnu-tools-for-stm32.10.3-2021.10.win32_1.0.0.202111181127/tools/bin/../lib/gcc/arm-none-eabi/10.3.1/thumb/v7e-m+dp/hard/crti.o
 .bss           0x0000000000000000        0x0 s:/st/stm32cubeide_1.9.0/stm32cubeide/plugins/com.st.stm32cube.ide.mcu.externaltools.gnu-tools-for-stm32.10.3-2021.10.win32_1.0.0.202111181127/tools/bin/../lib/gcc/arm-none-eabi/10.3.1/thumb/v7e-m+dp/hard/crti.o
 .data          0x0000000000000000        0x4 s:/st/stm32cubeide_1.9.0/stm32cubeide/plugins/com.st.stm32cube.ide.mcu.externaltools.gnu-tools-for-stm32.10.3-2021.10.win32_1.0.0.202111181127/tools/bin/../lib/gcc/arm-none-eabi/10.3.1/thumb/v7e-m+dp/hard/crtbegin.o
 .rodata        0x0000000000000000       0x24 s:/st/stm32cubeide_1.9.0/stm32cubeide/plugins/com.st.stm32cube.ide.mcu.externaltools.gnu-tools-for-stm32.10.3-2021.10.win32_1.0.0.202111181127/tools/bin/../lib/gcc/arm-none-eabi/10.3.1/thumb/v7e-m+dp/hard/crtbegin.o
 .text          0x0000000000000000       0x7c s:/st/stm32cubeide_1.9.0/stm32cubeide/plugins/com.st.stm32cube.ide.mcu.externaltools.gnu-tools-for-stm32.10.3-2021.10.win32_1.0.0.202111181127/tools/bin/../lib/gcc/arm-none-eabi/10.3.1/../../../../arm-none-eabi/lib/thumb/v7e-m+dp/hard/crt0.o
 .data          0x0000000000000000        0x0 s:/st/stm32cubeide_1.9.0/stm32cubeide/plugins/com.st.stm32cube.ide.mcu.externaltools.gnu-tools-for-stm32.10.3-2021.10.win32_1.0.0.202111181127/tools/bin/../lib/gcc/arm-none-eabi/10.3.1/../../../../arm-none-eabi/lib/thumb/v7e-m+dp/hard/crt0.o
 .bss           0x0000000000000000        0x0 s:/st/stm32cubeide_1.9.0/stm32cubeide/plugins/com.st.stm32cube.ide.mcu.externaltools.gnu-tools-for-stm32.10.3-2021.10.win32_1.0.0.202111181127/tools/bin/../lib/gcc/arm-none-eabi/10.3.1/../../../../arm-none-eabi/lib/thumb/v7e-m+dp/hard/crt0.o
[...]
Memory Configuration

Name             Origin             Length             Attributes
ITCMRAM          0x0000000000000000 0x0000000000010000 xrw
FLASH            0x0000000008000000 0x0000000000010000 xr
DATA             0x0000000008180000 0x0000000000080000 xrw
DTCMRAM1         0x0000000020000000 0x0000000000010000 xrw
DTCMRAM2         0x0000000020010000 0x0000000000010000 xrw
RAM              0x0000000024000000 0x0000000000080000 xrw
RAM_NOCACHE      0x0000000024080000 0x0000000000080000 xrw
RAM_CD           0x0000000030000000 0x0000000000020000 xrw
RAM_SRD          0x0000000038000000 0x0000000000008000 xrw
*default*        0x0000000000000000 0xffffffffffffffff

Linker script and memory map

LOAD s:/st/stm32cubeide_1.9.0/stm32cubeide/plugins/com.st.stm32cube.ide.mcu.externaltools.gnu-tools-for-stm32.10.3-2021.10.win32_1.0.0.202111181127/tools/bin/../lib/gcc/arm-none-eabi/10.3.1/thumb/v7e-m+dp/hard/crti.o
LOAD s:/st/stm32cubeide_1.9.0/stm32cubeide/plugins/com.st.stm32cube.ide.mcu.externaltools.gnu-tools-for-stm32.10.3-2021.10.win32_1.0.0.202111181127/tools/bin/../lib/gcc/arm-none-eabi/10.3.1/thumb/v7e-m+dp/hard/crtbegin.o
LOAD s:/st/stm32cubeide_1.9.0/stm32cubeide/plugins/com.st.stm32cube.ide.mcu.externaltools.gnu-tools-for-stm32.10.3-2021.10.win32_1.0.0.202111181127/tools/bin/../lib/gcc/arm-none-eabi/10.3.1/../../../../arm-none-eabi/lib/thumb/v7e-m+dp/hard/crt0.o
LOAD ./App/app.o
LOAD ./App/hooks.o
LOAD ./App/led.o
LOAD ./Core/Src/main.o
LOAD ./Core/Src/stm32h7xx_hal_msp.o
LOAD ./Core/Src/stm32h7xx_it.o
LOAD ./Core/Src/syscalls.o
LOAD ./Core/Src/sysmem.o
LOAD ./Core/Startup/startup_stm32h7b3lihxq.o
LOAD ./Drivers/CMSIS/Device/ST/STM32H7xx/Source/Templates/system_stm32h7xx.o
LOAD ./Drivers/STM32H7xx_HAL_Driver/Src/stm32h7xx_hal.o
LOAD ./Drivers/STM32H7xx_HAL_Driver/Src/stm32h7xx_hal_cortex.o
LOAD ./Drivers/STM32H7xx_HAL_Driver/Src/stm32h7xx_hal_dma.o
LOAD ./Drivers/STM32H7xx_HAL_Driver/Src/stm32h7xx_hal_dma_ex.o
LOAD ./Drivers/STM32H7xx_HAL_Driver/Src/stm32h7xx_hal_exti.o
LOAD ./Drivers/STM32H7xx_HAL_Driver/Src/stm32h7xx_hal_flash.o
LOAD ./Drivers/STM32H7xx_HAL_Driver/Src/stm32h7xx_hal_flash_ex.o
LOAD ./Drivers/STM32H7xx_HAL_Driver/Src/stm32h7xx_hal_gpio.o
LOAD ./Drivers/STM32H7xx_HAL_Driver/Src/stm32h7xx_hal_hsem.o
LOAD ./Drivers/STM32H7xx_HAL_Driver/Src/stm32h7xx_hal_i2c.o
LOAD ./Drivers/STM32H7xx_HAL_Driver/Src/stm32h7xx_hal_i2c_ex.o
LOAD ./Drivers/STM32H7xx_HAL_Driver/Src/stm32h7xx_hal_mdma.o
LOAD ./Drivers/STM32H7xx_HAL_Driver/Src/stm32h7xx_hal_pcd.o
LOAD ./Drivers/STM32H7xx_HAL_Driver/Src/stm32h7xx_hal_pcd_ex.o
LOAD ./Drivers/STM32H7xx_HAL_Driver/Src/stm32h7xx_hal_pwr.o
LOAD ./Drivers/STM32H7xx_HAL_Driver/Src/stm32h7xx_hal_pwr_ex.o
LOAD ./Drivers/STM32H7xx_HAL_Driver/Src/stm32h7xx_hal_rcc.o
LOAD ./Drivers/STM32H7xx_HAL_Driver/Src/stm32h7xx_hal_rcc_ex.o
LOAD ./Drivers/STM32H7xx_HAL_Driver/Src/stm32h7xx_hal_tim.o
LOAD ./Drivers/STM32H7xx_HAL_Driver/Src/stm32h7xx_hal_tim_ex.o
LOAD ./Drivers/STM32H7xx_HAL_Driver/Src/stm32h7xx_ll_exti.o
LOAD ./Drivers/STM32H7xx_HAL_Driver/Src/stm32h7xx_ll_gpio.o
LOAD ./Drivers/STM32H7xx_HAL_Driver/Src/stm32h7xx_ll_rcc.o
LOAD ./Drivers/STM32H7xx_HAL_Driver/Src/stm32h7xx_ll_usb.o
LOAD ./Drivers/STM32H7xx_HAL_Driver/Src/stm32h7xx_ll_utils.o
LOAD ./Library/ARMCM7_STM32H7/GCC/cpu_comp.o
LOAD ./Library/ARMCM7_STM32H7/can.o
LOAD ./Library/ARMCM7_STM32H7/cpu.o
LOAD ./Library/ARMCM7_STM32H7/flash.o
LOAD ./Library/ARMCM7_STM32H7/nvm.o
LOAD ./Library/ARMCM7_STM32H7/rs232.o
LOAD ./Library/ARMCM7_STM32H7/timer.o
LOAD ./Library/ARMCM7_STM32H7/usb.o
LOAD ./Library/STM32_USB_Device_Library/Core/Src/usbd_core.o
LOAD ./Library/STM32_USB_Device_Library/Core/Src/usbd_ctlreq.o
LOAD ./Library/STM32_USB_Device_Library/Core/Src/usbd_ioreq.o
LOAD ./Library/asserts.o
LOAD ./Library/backdoor.o
LOAD ./Library/boot.o
LOAD ./Library/com.o
LOAD ./Library/cop.o
LOAD ./Library/file.o
LOAD ./Library/net.o
LOAD ./Library/xcp.o
LOAD ./USB_DEVICE/App/usbd_bulk.o
LOAD ./USB_DEVICE/App/usbd_desc.o
LOAD ./USB_DEVICE/Target/usbd_conf.o
START GROUP
LOAD s:/st/stm32cubeide_1.9.0/stm32cubeide/plugins/com.st.stm32cube.ide.mcu.externaltools.gnu-tools-for-stm32.10.3-2021.10.win32_1.0.0.202111181127/tools/bin/../lib/gcc/arm-none-eabi/10.3.1/../../../../arm-none-eabi/lib/thumb/v7e-m+dp/hard\libc_nano.a
LOAD s:/st/stm32cubeide_1.9.0/stm32cubeide/plugins/com.st.stm32cube.ide.mcu.externaltools.gnu-tools-for-stm32.10.3-2021.10.win32_1.0.0.202111181127/tools/bin/../lib/gcc/arm-none-eabi/10.3.1/../../../../arm-none-eabi/lib/thumb/v7e-m+dp/hard\libm.a
END GROUP
START GROUP
LOAD s:/st/stm32cubeide_1.9.0/stm32cubeide/plugins/com.st.stm32cube.ide.mcu.externaltools.gnu-tools-for-stm32.10.3-2021.10.win32_1.0.0.202111181127/tools/bin/../lib/gcc/arm-none-eabi/10.3.1/thumb/v7e-m+dp/hard\libgcc.a
LOAD s:/st/stm32cubeide_1.9.0/stm32cubeide/plugins/com.st.stm32cube.ide.mcu.externaltools.gnu-tools-for-stm32.10.3-2021.10.win32_1.0.0.202111181127/tools/bin/../lib/gcc/arm-none-eabi/10.3.1/../../../../arm-none-eabi/lib/thumb/v7e-m+dp/hard\libc_nano.a
END GROUP
START GROUP
LOAD s:/st/stm32cubeide_1.9.0/stm32cubeide/plugins/com.st.stm32cube.ide.mcu.externaltools.gnu-tools-for-stm32.10.3-2021.10.win32_1.0.0.202111181127/tools/bin/../lib/gcc/arm-none-eabi/10.3.1/thumb/v7e-m+dp/hard\libgcc.a
LOAD s:/st/stm32cubeide_1.9.0/stm32cubeide/plugins/com.st.stm32cube.ide.mcu.externaltools.gnu-tools-for-stm32.10.3-2021.10.win32_1.0.0.202111181127/tools/bin/../lib/gcc/arm-none-eabi/10.3.1/../../../../arm-none-eabi/lib/thumb/v7e-m+dp/hard\libc_nano.a
LOAD s:/st/stm32cubeide_1.9.0/stm32cubeide/plugins/com.st.stm32cube.ide.mcu.externaltools.gnu-tools-for-stm32.10.3-2021.10.win32_1.0.0.202111181127/tools/bin/../lib/gcc/arm-none-eabi/10.3.1/../../../../arm-none-eabi/lib/thumb/v7e-m+dp/hard\libnosys.a
END GROUP
START GROUP
LOAD s:/st/stm32cubeide_1.9.0/stm32cubeide/plugins/com.st.stm32cube.ide.mcu.externaltools.gnu-tools-for-stm32.10.3-2021.10.win32_1.0.0.202111181127/tools/bin/../lib/gcc/arm-none-eabi/10.3.1/thumb/v7e-m+dp/hard\libgcc.a
LOAD s:/st/stm32cubeide_1.9.0/stm32cubeide/plugins/com.st.stm32cube.ide.mcu.externaltools.gnu-tools-for-stm32.10.3-2021.10.win32_1.0.0.202111181127/tools/bin/../lib/gcc/arm-none-eabi/10.3.1/../../../../arm-none-eabi/lib/thumb/v7e-m+dp/hard\libc_nano.a
LOAD s:/st/stm32cubeide_1.9.0/stm32cubeide/plugins/com.st.stm32cube.ide.mcu.externaltools.gnu-tools-for-stm32.10.3-2021.10.win32_1.0.0.202111181127/tools/bin/../lib/gcc/arm-none-eabi/10.3.1/../../../../arm-none-eabi/lib/thumb/v7e-m+dp/hard\libnosys.a
END GROUP
LOAD s:/st/stm32cubeide_1.9.0/stm32cubeide/plugins/com.st.stm32cube.ide.mcu.externaltools.gnu-tools-for-stm32.10.3-2021.10.win32_1.0.0.202111181127/tools/bin/../lib/gcc/arm-none-eabi/10.3.1/thumb/v7e-m+dp/hard/crtend.o
LOAD s:/st/stm32cubeide_1.9.0/stm32cubeide/plugins/com.st.stm32cube.ide.mcu.externaltools.gnu-tools-for-stm32.10.3-2021.10.win32_1.0.0.202111181127/tools/bin/../lib/gcc/arm-none-eabi/10.3.1/thumb/v7e-m+dp/hard/crtn.o
                0x0000000024080000                _estack = (ORIGIN (RAM) + LENGTH (RAM))
                0x0000000000000200                _Min_Heap_Size = 0x200
                0x0000000000000400                _Min_Stack_Size = 0x400

.isr_vector     0x0000000008000000      0x2ac
                0x0000000008000000                . = ALIGN (0x4)
 *(.isr_vector)
 .isr_vector    0x0000000008000000      0x2ac ./Core/Startup/startup_stm32h7b3lihxq.o
                0x0000000008000000                g_pfnVectors
                0x00000000080002ac                . = ALIGN (0x4)

.text           0x00000000080002ac     0x48c4
                0x00000000080002ac                . = ALIGN (0x4)
 *(.text)
 .text          0x00000000080002ac       0x40 s:/st/stm32cubeide_1.9.0/stm32cubeide/plugins/com.st.stm32cube.ide.mcu.externaltools.gnu-tools-for-stm32.10.3-2021.10.win32_1.0.0.202111181127/tools/bin/../lib/gcc/arm-none-eabi/10.3.1/thumb/v7e-m+dp/hard/crtbegin.o
 *(.text*)
 .text.AppInit  0x00000000080002ec        0x4 ./App/app.o
                0x00000000080002ec                AppInit
 .text.AppTask  0x00000000080002f0        0x4 ./App/app.o
                0x00000000080002f0                AppTask
 .text.CpuUserProgramStartHook
                0x00000000080002f4       0x1c ./App/hooks.o
                0x00000000080002f4                CpuUserProgramStartHook
 .text.CopInitHook
                0x0000000008000310        0x6 ./App/hooks.o
                0x0000000008000310                CopInitHook
 .text.CopServiceHook
                0x0000000008000316        0x4 ./App/hooks.o
                0x0000000008000316                CopServiceHook
 .text.UsbConnectHook
                0x000000000800031a        0x2 ./App/hooks.o
                0x000000000800031a                UsbConnectHook
 .text.UsbEnterLowPowerModeHook
                0x000000000800031c        0x2 ./App/hooks.o
                0x000000000800031c                UsbEnterLowPowerModeHook
 .text.UsbLeaveLowPowerModeHook
                0x000000000800031e        0x2 ./App/hooks.o
                0x000000000800031e                UsbLeaveLowPowerModeHook
 .text.LedBlinkInit
                0x0000000008000320        0xc ./App/led.o
                0x0000000008000320                LedBlinkInit
 .text.LedBlinkTask
                0x000000000800032c       0x48 ./App/led.o
                0x000000000800032c                LedBlinkTask
 .text.LedBlinkExit
                0x0000000008000374       0x10 ./App/led.o
                0x0000000008000374                LedBlinkExit
 .text.LL_AHB4_GRP1_EnableClock
                0x0000000008000384       0x20 ./Core/Src/main.o
 .text.LL_SYSCFG_SetEXTISource
                0x00000000080003a4       0x2c ./Core/Src/main.o
 .text.SystemClock_Config
                0x00000000080003d0      0x15c ./Core/Src/main.o
                0x00000000080003d0                SystemClock_Config
 .text.startup.main
                0x000000000800052c      0x43c ./Core/Src/main.o
                0x000000000800052c                main
 .text.HAL_MspInit
                0x0000000008000968       0x24 ./Core/Src/stm32h7xx_hal_msp.o
                0x0000000008000968                HAL_MspInit
 .text.HAL_PCD_MspInit
                0x000000000800098c      0x168 ./Core/Src/stm32h7xx_hal_msp.o
                0x000000000800098c                HAL_PCD_MspInit
 .text.HAL_PCD_MspDeInit
                0x0000000008000af4       0x74 ./Core/Src/stm32h7xx_hal_msp.o
                0x0000000008000af4                HAL_PCD_MspDeInit
 .text.HAL_MspDeInit
                0x0000000008000b68       0x94 ./Core/Src/stm32h7xx_hal_msp.o
                0x0000000008000b68                HAL_MspDeInit
 .text.NMI_Handler
                0x0000000008000bfc        0x2 ./Core/Src/stm32h7xx_it.o
                0x0000000008000bfc                NMI_Handler
 .text.HardFault_Handler
                0x0000000008000bfe        0x2 ./Core/Src/stm32h7xx_it.o
                0x0000000008000bfe                HardFault_Handler
 .text.MemManage_Handler
                0x0000000008000c00        0x2 ./Core/Src/stm32h7xx_it.o
                0x0000000008000c00                MemManage_Handler
 .text.BusFault_Handler
                0x0000000008000c02        0x2 ./Core/Src/stm32h7xx_it.o
                0x0000000008000c02                BusFault_Handler
 .text.UsageFault_Handler
                0x0000000008000c04        0x2 ./Core/Src/stm32h7xx_it.o
                0x0000000008000c04                UsageFault_Handler
 .text.SVC_Handler
                0x0000000008000c06        0x2 ./Core/Src/stm32h7xx_it.o
                0x0000000008000c06                SVC_Handler
 .text.DebugMon_Handler
                0x0000000008000c08        0x2 ./Core/Src/stm32h7xx_it.o
                0x0000000008000c08                DebugMon_Handler
 .text.PendSV_Handler
                0x0000000008000c0a        0x2 ./Core/Src/stm32h7xx_it.o
                0x0000000008000c0a                PendSV_Handler
 .text.SysTick_Handler
                0x0000000008000c0c        0x4 ./Core/Src/stm32h7xx_it.o
                0x0000000008000c0c                SysTick_Handler
 .text.Reset_Handler
                0x0000000008000c10       0x94 ./Core/Startup/startup_stm32h7b3lihxq.o
                0x0000000008000c10                Reset_Handler
 .text.Default_Handler
                0x0000000008000ca4        0x2 ./Core/Startup/startup_stm32h7b3lihxq.o
                0x0000000008000ca4                RTC_Alarm_IRQHandler
                0x0000000008000ca4                HASH_RNG_IRQHandler
                0x0000000008000ca4                EXTI2_IRQHandler
                0x0000000008000ca4                TIM8_CC_IRQHandler
                0x0000000008000ca4                UART8_IRQHandler
                0x0000000008000ca4                BDMA2_Channel1_IRQHandler
                0x0000000008000ca4                SPI4_IRQHandler
                0x0000000008000ca4                BDMA2_Channel0_IRQHandler
                0x0000000008000ca4                TIM1_CC_IRQHandler
                0x0000000008000ca4                DMA2_Stream5_IRQHandler
                0x0000000008000ca4                JPEG_IRQHandler
                0x0000000008000ca4                DMA1_Stream5_IRQHandler
                0x0000000008000ca4                EXTI3_IRQHandler
                0x0000000008000ca4                LPTIM4_IRQHandler
                0x0000000008000ca4                TIM8_TRG_COM_TIM14_IRQHandler
                0x0000000008000ca4                LPTIM2_IRQHandler
                0x0000000008000ca4                DFSDM1_FLT1_IRQHandler
                0x0000000008000ca4                DMAMUX2_OVR_IRQHandler
                0x0000000008000ca4                GFXMMU_IRQHandler
                0x0000000008000ca4                TIM8_UP_TIM13_IRQHandler
                0x0000000008000ca4                I2C3_ER_IRQHandler
                0x0000000008000ca4                DFSDM1_FLT2_IRQHandler
                0x0000000008000ca4                USART10_IRQHandler
                0x0000000008000ca4                MDMA_IRQHandler
                0x0000000008000ca4                LPTIM3_IRQHandler
                0x0000000008000ca4                BDMA2_Channel3_IRQHandler
                0x0000000008000ca4                HSEM1_IRQHandler
                0x0000000008000ca4                EXTI0_IRQHandler
                0x0000000008000ca4                I2C2_EV_IRQHandler
                0x0000000008000ca4                DAC2_IRQHandler
                0x0000000008000ca4                DMA1_Stream2_IRQHandler
                0x0000000008000ca4                FPU_IRQHandler
                0x0000000008000ca4                OTG_HS_WKUP_IRQHandler
                0x0000000008000ca4                FDCAN1_IT1_IRQHandler
                0x0000000008000ca4                LTDC_ER_IRQHandler
                0x0000000008000ca4                DMA2_Stream2_IRQHandler
                0x0000000008000ca4                SPI1_IRQHandler
                0x0000000008000ca4                OCTOSPI1_IRQHandler
                0x0000000008000ca4                TIM6_DAC_IRQHandler
                0x0000000008000ca4                BDMA2_Channel6_IRQHandler
                0x0000000008000ca4                DMA2_Stream3_IRQHandler
                0x0000000008000ca4                OCTOSPI2_IRQHandler
                0x0000000008000ca4                SAI2_IRQHandler
                0x0000000008000ca4                BDMA1_IRQHandler
                0x0000000008000ca4                DFSDM1_FLT3_IRQHandler
                0x0000000008000ca4                USART6_IRQHandler
                0x0000000008000ca4                TIM17_IRQHandler
                0x0000000008000ca4                USART3_IRQHandler
                0x0000000008000ca4                CRYP_IRQHandler
                0x0000000008000ca4                LPTIM5_IRQHandler
                0x0000000008000ca4                UART5_IRQHandler
                0x0000000008000ca4                DMA2_Stream0_IRQHandler
                0x0000000008000ca4                TIM4_IRQHandler
                0x0000000008000ca4                I2C1_EV_IRQHandler
                0x0000000008000ca4                DMA1_Stream6_IRQHandler
                0x0000000008000ca4                DMAMUX1_OVR_IRQHandler
                0x0000000008000ca4                DMA1_Stream1_IRQHandler
                0x0000000008000ca4                TIM16_IRQHandler
                0x0000000008000ca4                UART4_IRQHandler
                0x0000000008000ca4                TIM3_IRQHandler
                0x0000000008000ca4                RCC_IRQHandler
                0x0000000008000ca4                UART9_IRQHandler
                0x0000000008000ca4                TIM8_BRK_TIM12_IRQHandler
                0x0000000008000ca4                TIM1_TRG_COM_IRQHandler
                0x0000000008000ca4                Default_Handler
                0x0000000008000ca4                ECC_IRQHandler
                0x0000000008000ca4                BDMA2_Channel2_IRQHandler
                0x0000000008000ca4                CEC_IRQHandler
                0x0000000008000ca4                EXTI15_10_IRQHandler
                0x0000000008000ca4                DFSDM1_FLT4_IRQHandler
                0x0000000008000ca4                ADC_IRQHandler
                0x0000000008000ca4                OTFDEC1_IRQHandler
                0x0000000008000ca4                DMA1_Stream7_IRQHandler
                0x0000000008000ca4                SPI5_IRQHandler
                0x0000000008000ca4                TIM7_IRQHandler
                0x0000000008000ca4                SDMMC1_IRQHandler
                0x0000000008000ca4                TIM5_IRQHandler
                0x0000000008000ca4                DMA2_Stream7_IRQHandler
                0x0000000008000ca4                TIM15_IRQHandler
                0x0000000008000ca4                I2C3_EV_IRQHandler
                0x0000000008000ca4                DFSDM2_IRQHandler
                0x0000000008000ca4                EXTI9_5_IRQHandler
                0x0000000008000ca4                RTC_WKUP_IRQHandler
                0x0000000008000ca4                LTDC_IRQHandler
                0x0000000008000ca4                SPDIF_RX_IRQHandler
                0x0000000008000ca4                PVD_PVM_IRQHandler
                0x0000000008000ca4                SPI2_IRQHandler
                0x0000000008000ca4                OTG_HS_EP1_IN_IRQHandler
                0x0000000008000ca4                DFSDM1_FLT5_IRQHandler
                0x0000000008000ca4                DMA1_Stream0_IRQHandler
                0x0000000008000ca4                OTFDEC2_IRQHandler
                0x0000000008000ca4                CRS_IRQHandler
                0x0000000008000ca4                EXTI4_IRQHandler
                0x0000000008000ca4                DFSDM1_FLT6_IRQHandler
                0x0000000008000ca4                FDCAN2_IT1_IRQHandler
                0x0000000008000ca4                COMP_IRQHandler
                0x0000000008000ca4                TIM1_UP_IRQHandler
                0x0000000008000ca4                OTG_HS_EP1_OUT_IRQHandler
                0x0000000008000ca4                WWDG_IRQHandler
                0x0000000008000ca4                SPI6_IRQHandler
                0x0000000008000ca4                MDIOS_IRQHandler
                0x0000000008000ca4                I2C4_EV_IRQHandler
                0x0000000008000ca4                FDCAN2_IT0_IRQHandler
                0x0000000008000ca4                LPUART1_IRQHandler
                0x0000000008000ca4                FDCAN1_IT0_IRQHandler
                0x0000000008000ca4                TIM2_IRQHandler
                0x0000000008000ca4                BDMA2_Channel5_IRQHandler
                0x0000000008000ca4                OTG_HS_IRQHandler
                0x0000000008000ca4                DMA2D_IRQHandler
                0x0000000008000ca4                TIM1_BRK_IRQHandler
                0x0000000008000ca4                EXTI1_IRQHandler
                0x0000000008000ca4                SDMMC2_IRQHandler
                0x0000000008000ca4                DTS_IRQHandler
                0x0000000008000ca4                UART7_IRQHandler
                0x0000000008000ca4                MDIOS_WKUP_IRQHandler
                0x0000000008000ca4                USART2_IRQHandler
                0x0000000008000ca4                DFSDM1_FLT0_IRQHandler
                0x0000000008000ca4                I2C2_ER_IRQHandler
                0x0000000008000ca4                DMA2_Stream1_IRQHandler
                0x0000000008000ca4                DFSDM1_FLT7_IRQHandler
                0x0000000008000ca4                FLASH_IRQHandler
                0x0000000008000ca4                DMA2_Stream4_IRQHandler
                0x0000000008000ca4                USART1_IRQHandler
                0x0000000008000ca4                SPI3_IRQHandler
                0x0000000008000ca4                WAKEUP_PIN_IRQHandler
                0x0000000008000ca4                DMA1_Stream4_IRQHandler
                0x0000000008000ca4                I2C1_ER_IRQHandler
                0x0000000008000ca4                FMC_IRQHandler
                0x0000000008000ca4                BDMA2_Channel7_IRQHandler
                0x0000000008000ca4                FDCAN_CAL_IRQHandler
                0x0000000008000ca4                SWPMI1_IRQHandler
                0x0000000008000ca4                LPTIM1_IRQHandler
                0x0000000008000ca4                DCMI_PSSI_IRQHandler
                0x0000000008000ca4                I2C4_ER_IRQHandler
                0x0000000008000ca4                DMA2_Stream6_IRQHandler
                0x0000000008000ca4                SAI1_IRQHandler
                0x0000000008000ca4                DMA1_Stream3_IRQHandler
                0x0000000008000ca4                RTC_TAMP_STAMP_CSS_LSE_IRQHandler
                0x0000000008000ca4                BDMA2_Channel4_IRQHandler
 *fill*         0x0000000008000ca6        0x2 
 .text.SystemInit
                0x0000000008000ca8       0xa4 ./Drivers/CMSIS/Device/ST/STM32H7xx/Source/Templates/system_stm32h7xx.o
                0x0000000008000ca8                SystemInit
 .text.HAL_DeInit
                0x0000000008000d4c       0x84 ./Drivers/STM32H7xx_HAL_Driver/Src/stm32h7xx_hal.o
                0x0000000008000d4c                HAL_DeInit
 .text.HAL_InitTick
                0x0000000008000dd0       0x4c ./Drivers/STM32H7xx_HAL_Driver/Src/stm32h7xx_hal.o
                0x0000000008000dd0                HAL_InitTick
 .text.HAL_Init
                0x0000000008000e1c       0x5c ./Drivers/STM32H7xx_HAL_Driver/Src/stm32h7xx_hal.o
                0x0000000008000e1c                HAL_Init
 .text.HAL_IncTick
                0x0000000008000e78       0x18 ./Drivers/STM32H7xx_HAL_Driver/Src/stm32h7xx_hal.o
                0x0000000008000e78                HAL_IncTick
 .text.HAL_Delay
                0x0000000008000e90       0x24 ./Drivers/STM32H7xx_HAL_Driver/Src/stm32h7xx_hal.o
                0x0000000008000e90                HAL_Delay
 .text.HAL_NVIC_SetPriorityGrouping
                0x0000000008000eb4       0x24 ./Drivers/STM32H7xx_HAL_Driver/Src/stm32h7xx_hal_cortex.o
                0x0000000008000eb4                HAL_NVIC_SetPriorityGrouping
 .text.HAL_NVIC_SetPriority
                0x0000000008000ed8       0x64 ./Drivers/STM32H7xx_HAL_Driver/Src/stm32h7xx_hal_cortex.o
                0x0000000008000ed8                HAL_NVIC_SetPriority
 .text.HAL_SYSTICK_Config
                0x0000000008000f3c       0x28 ./Drivers/STM32H7xx_HAL_Driver/Src/stm32h7xx_hal_cortex.o
                0x0000000008000f3c                HAL_SYSTICK_Config
 .text.HAL_FLASH_Unlock
                0x0000000008000f64       0x4c ./Drivers/STM32H7xx_HAL_Driver/Src/stm32h7xx_hal_flash.o
                0x0000000008000f64                HAL_FLASH_Unlock
 .text.HAL_FLASH_Lock
                0x0000000008000fb0       0x30 ./Drivers/STM32H7xx_HAL_Driver/Src/stm32h7xx_hal_flash.o
                0x0000000008000fb0                HAL_FLASH_Lock
 .text.FLASH_WaitForLastOperation
                0x0000000008000fe0       0xcc ./Drivers/STM32H7xx_HAL_Driver/Src/stm32h7xx_hal_flash.o
                0x0000000008000fe0                FLASH_WaitForLastOperation
 .text.HAL_FLASH_Program
                0x00000000080010ac       0xec ./Drivers/STM32H7xx_HAL_Driver/Src/stm32h7xx_hal_flash.o
                0x00000000080010ac                HAL_FLASH_Program
 .text.FLASH_MassErase.constprop.0
                0x0000000008001198       0x3c ./Drivers/STM32H7xx_HAL_Driver/Src/stm32h7xx_hal_flash_ex.o
 .text.FLASH_Erase_Sector
                0x00000000080011d4       0x44 ./Drivers/STM32H7xx_HAL_Driver/Src/stm32h7xx_hal_flash_ex.o
                0x00000000080011d4                FLASH_Erase_Sector
 .text.HAL_FLASHEx_Erase
                0x0000000008001218      0x120 ./Drivers/STM32H7xx_HAL_Driver/Src/stm32h7xx_hal_flash_ex.o
                0x0000000008001218                HAL_FLASHEx_Erase
 .text.HAL_GPIO_Init
                0x0000000008001338      0x1d8 ./Drivers/STM32H7xx_HAL_Driver/Src/stm32h7xx_hal_gpio.o
                0x0000000008001338                HAL_GPIO_Init
 .text.HAL_GPIO_DeInit
                0x0000000008001510      0x144 ./Drivers/STM32H7xx_HAL_Driver/Src/stm32h7xx_hal_gpio.o
                0x0000000008001510                HAL_GPIO_DeInit
 .text.HAL_PCD_Init
                0x0000000008001654      0x112 ./Drivers/STM32H7xx_HAL_Driver/Src/stm32h7xx_hal_pcd.o
                0x0000000008001654                HAL_PCD_Init
 .text.HAL_PCD_DeInit
                0x0000000008001766       0x2a ./Drivers/STM32H7xx_HAL_Driver/Src/stm32h7xx_hal_pcd.o
                0x0000000008001766                HAL_PCD_DeInit
 .text.HAL_PCD_Start
                0x0000000008001790       0x3e ./Drivers/STM32H7xx_HAL_Driver/Src/stm32h7xx_hal_pcd.o
                0x0000000008001790                HAL_PCD_Start
 .text.HAL_PCD_Stop
                0x00000000080017ce       0x48 ./Drivers/STM32H7xx_HAL_Driver/Src/stm32h7xx_hal_pcd.o
                0x00000000080017ce                HAL_PCD_Stop
 .text.HAL_PCD_DevConnect
                0x0000000008001816       0x38 ./Drivers/STM32H7xx_HAL_Driver/Src/stm32h7xx_hal_pcd.o
                0x0000000008001816                HAL_PCD_DevConnect
 .text.HAL_PCD_DevDisconnect
                0x000000000800184e       0x3a ./Drivers/STM32H7xx_HAL_Driver/Src/stm32h7xx_hal_pcd.o
                0x000000000800184e                HAL_PCD_DevDisconnect
 .text.HAL_PCD_SetAddress
                0x0000000008001888       0x28 ./Drivers/STM32H7xx_HAL_Driver/Src/stm32h7xx_hal_pcd.o
                0x0000000008001888                HAL_PCD_SetAddress
 .text.HAL_PCD_EP_Open
                0x00000000080018b0       0x70 ./Drivers/STM32H7xx_HAL_Driver/Src/stm32h7xx_hal_pcd.o
                0x00000000080018b0                HAL_PCD_EP_Open
 .text.HAL_PCD_EP_Close
                0x0000000008001920       0x5e ./Drivers/STM32H7xx_HAL_Driver/Src/stm32h7xx_hal_pcd.o
                0x0000000008001920                HAL_PCD_EP_Close
 .text.HAL_PCD_EP_Receive
                0x000000000800197e       0x48 ./Drivers/STM32H7xx_HAL_Driver/Src/stm32h7xx_hal_pcd.o
                0x000000000800197e                HAL_PCD_EP_Receive
 .text.HAL_PCD_EP_GetRxCount
                0x00000000080019c6       0x10 ./Drivers/STM32H7xx_HAL_Driver/Src/stm32h7xx_hal_pcd.o
                0x00000000080019c6                HAL_PCD_EP_GetRxCount
 .text.HAL_PCD_EP_Transmit
                0x00000000080019d6       0x40 ./Drivers/STM32H7xx_HAL_Driver/Src/stm32h7xx_hal_pcd.o
                0x00000000080019d6                HAL_PCD_EP_Transmit
 .text.HAL_PCD_EP_SetStall
                0x0000000008001a16       0x70 ./Drivers/STM32H7xx_HAL_Driver/Src/stm32h7xx_hal_pcd.o
                0x0000000008001a16                HAL_PCD_EP_SetStall
 .text.HAL_PCD_EP_ClrStall
                0x0000000008001a86       0x6c ./Drivers/STM32H7xx_HAL_Driver/Src/stm32h7xx_hal_pcd.o
                0x0000000008001a86                HAL_PCD_EP_ClrStall
 .text.HAL_PCD_EP_Abort
                0x0000000008001af2       0x20 ./Drivers/STM32H7xx_HAL_Driver/Src/stm32h7xx_hal_pcd.o
                0x0000000008001af2                HAL_PCD_EP_Abort
 *fill*         0x0000000008001b12        0x2 
 .text.HAL_PCD_IRQHandler
                0x0000000008001b14      0x6cc ./Drivers/STM32H7xx_HAL_Driver/Src/stm32h7xx_hal_pcd.o
                0x0000000008001b14                HAL_PCD_IRQHandler
 .text.HAL_PCDEx_SetTxFiFo
                0x00000000080021e0       0x40 ./Drivers/STM32H7xx_HAL_Driver/Src/stm32h7xx_hal_pcd_ex.o
                0x00000000080021e0                HAL_PCDEx_SetTxFiFo
 .text.HAL_PCDEx_SetRxFiFo
                0x0000000008002220        0x8 ./Drivers/STM32H7xx_HAL_Driver/Src/stm32h7xx_hal_pcd_ex.o
                0x0000000008002220                HAL_PCDEx_SetRxFiFo
 .text.HAL_PCDEx_ActivateLPM
                0x0000000008002228       0x26 ./Drivers/STM32H7xx_HAL_Driver/Src/stm32h7xx_hal_pcd_ex.o
                0x0000000008002228                HAL_PCDEx_ActivateLPM
 .text.HAL_PCDEx_LPM_Callback
                0x000000000800224e        0x2 ./Drivers/STM32H7xx_HAL_Driver/Src/stm32h7xx_hal_pcd_ex.o
                0x000000000800224e                HAL_PCDEx_LPM_Callback
 .text.HAL_PWREx_EnableUSBVoltageDetector
                0x0000000008002250       0x10 ./Drivers/STM32H7xx_HAL_Driver/Src/stm32h7xx_hal_pwr_ex.o
                0x0000000008002250                HAL_PWREx_EnableUSBVoltageDetector
 .text.HAL_RCC_GetSysClockFreq
                0x0000000008002260      0x140 ./Drivers/STM32H7xx_HAL_Driver/Src/stm32h7xx_hal_rcc.o
                0x0000000008002260                HAL_RCC_GetSysClockFreq
 .text.HAL_RCC_GetHCLKFreq
                0x00000000080023a0       0x44 ./Drivers/STM32H7xx_HAL_Driver/Src/stm32h7xx_hal_rcc.o
                0x00000000080023a0                HAL_RCC_GetHCLKFreq
 .text.LL_EXTI_Init
                0x00000000080023e4      0x1c8 ./Drivers/STM32H7xx_HAL_Driver/Src/stm32h7xx_ll_exti.o
                0x00000000080023e4                LL_EXTI_Init
 .text.LL_AHB4_GRP1_ForceReset
                0x00000000080025ac       0x14 ./Drivers/STM32H7xx_HAL_Driver/Src/stm32h7xx_ll_gpio.o
 .text.LL_AHB4_GRP1_ReleaseReset
                0x00000000080025c0       0x14 ./Drivers/STM32H7xx_HAL_Driver/Src/stm32h7xx_ll_gpio.o
 .text.LL_GPIO_DeInit
                0x00000000080025d4       0xf4 ./Drivers/STM32H7xx_HAL_Driver/Src/stm32h7xx_ll_gpio.o
                0x00000000080025d4                LL_GPIO_DeInit
 .text.LL_GPIO_Init
                0x00000000080026c8       0xc8 ./Drivers/STM32H7xx_HAL_Driver/Src/stm32h7xx_ll_gpio.o
                0x00000000080026c8                LL_GPIO_Init
 .text.LL_RCC_HSI_IsReady
                0x0000000008002790       0x10 ./Drivers/STM32H7xx_HAL_Driver/Src/stm32h7xx_ll_rcc.o
 .text.LL_RCC_PLL1_IsReady
                0x00000000080027a0       0x10 ./Drivers/STM32H7xx_HAL_Driver/Src/stm32h7xx_ll_rcc.o
 .text.LL_RCC_PLL2_IsReady
                0x00000000080027b0       0x10 ./Drivers/STM32H7xx_HAL_Driver/Src/stm32h7xx_ll_rcc.o
 .text.LL_RCC_PLL3_IsReady
                0x00000000080027c0       0x10 ./Drivers/STM32H7xx_HAL_Driver/Src/stm32h7xx_ll_rcc.o
 .text.LL_RCC_DeInit
                0x00000000080027d0       0xc0 ./Drivers/STM32H7xx_HAL_Driver/Src/stm32h7xx_ll_rcc.o
                0x00000000080027d0                LL_RCC_DeInit
 .text.USB_CoreReset
                0x0000000008002890       0x4c ./Drivers/STM32H7xx_HAL_Driver/Src/stm32h7xx_ll_usb.o
 .text.USB_CoreInit
                0x00000000080028dc       0x94 ./Drivers/STM32H7xx_HAL_Driver/Src/stm32h7xx_ll_usb.o
                0x00000000080028dc                USB_CoreInit
 .text.USB_SetTurnaroundTime
                0x0000000008002970       0xe0 ./Drivers/STM32H7xx_HAL_Driver/Src/stm32h7xx_ll_usb.o
                0x0000000008002970                USB_SetTurnaroundTime
 .text.USB_EnableGlobalInt
                0x0000000008002a50        0xc ./Drivers/STM32H7xx_HAL_Driver/Src/stm32h7xx_ll_usb.o
                0x0000000008002a50                USB_EnableGlobalInt
 .text.USB_DisableGlobalInt
                0x0000000008002a5c        0xc ./Drivers/STM32H7xx_HAL_Driver/Src/stm32h7xx_ll_usb.o
                0x0000000008002a5c                USB_DisableGlobalInt
 .text.USB_SetCurrentMode
                0x0000000008002a68       0x5c ./Drivers/STM32H7xx_HAL_Driver/Src/stm32h7xx_ll_usb.o
                0x0000000008002a68                USB_SetCurrentMode
 .text.USB_FlushTxFifo
                0x0000000008002ac4       0x4c ./Drivers/STM32H7xx_HAL_Driver/Src/stm32h7xx_ll_usb.o
                0x0000000008002ac4                USB_FlushTxFifo
 .text.USB_FlushRxFifo
                0x0000000008002b10       0x48 ./Drivers/STM32H7xx_HAL_Driver/Src/stm32h7xx_ll_usb.o
                0x0000000008002b10                USB_FlushRxFifo
 .text.USB_SetDevSpeed
                0x0000000008002b58        0xe ./Drivers/STM32H7xx_HAL_Driver/Src/stm32h7xx_ll_usb.o
                0x0000000008002b58                USB_SetDevSpeed
 *fill*         0x0000000008002b66        0x2 
 .text.USB_DevInit
                0x0000000008002b68      0x16c ./Drivers/STM32H7xx_HAL_Driver/Src/stm32h7xx_ll_usb.o
                0x0000000008002b68                USB_DevInit
 .text.USB_GetDevSpeed
                0x0000000008002cd4       0x16 ./Drivers/STM32H7xx_HAL_Driver/Src/stm32h7xx_ll_usb.o
                0x0000000008002cd4                USB_GetDevSpeed
 .text.USB_ActivateEndpoint
                0x0000000008002cea       0x7c ./Drivers/STM32H7xx_HAL_Driver/Src/stm32h7xx_ll_usb.o
                0x0000000008002cea                USB_ActivateEndpoint
 *fill*         0x0000000008002d66        0x2 
 .text.USB_DeactivateEndpoint
                0x0000000008002d68       0xac ./Drivers/STM32H7xx_HAL_Driver/Src/stm32h7xx_ll_usb.o
                0x0000000008002d68                USB_DeactivateEndpoint
 .text.USB_EP0StartXfer
                0x0000000008002e14       0xf4 ./Drivers/STM32H7xx_HAL_Driver/Src/stm32h7xx_ll_usb.o
                0x0000000008002e14                USB_EP0StartXfer
 .text.USB_EPStopXfer
                0x0000000008002f08       0x84 ./Drivers/STM32H7xx_HAL_Driver/Src/stm32h7xx_ll_usb.o
                0x0000000008002f08                USB_EPStopXfer
 .text.USB_WritePacket
                0x0000000008002f8c       0x26 ./Drivers/STM32H7xx_HAL_Driver/Src/stm32h7xx_ll_usb.o
                0x0000000008002f8c                USB_WritePacket
 *fill*         0x0000000008002fb2        0x2 
 .text.USB_EPStartXfer
                0x0000000008002fb4      0x1d4 ./Drivers/STM32H7xx_HAL_Driver/Src/stm32h7xx_ll_usb.o
                0x0000000008002fb4                USB_EPStartXfer
 .text.USB_ReadPacket
                0x0000000008003188       0x40 ./Drivers/STM32H7xx_HAL_Driver/Src/stm32h7xx_ll_usb.o
                0x0000000008003188                USB_ReadPacket
 .text.USB_EPSetStall
                0x00000000080031c8       0x56 ./Drivers/STM32H7xx_HAL_Driver/Src/stm32h7xx_ll_usb.o
                0x00000000080031c8                USB_EPSetStall
 .text.USB_EPClearStall
                0x000000000800321e       0x52 ./Drivers/STM32H7xx_HAL_Driver/Src/stm32h7xx_ll_usb.o
                0x000000000800321e                USB_EPClearStall
 .text.USB_StopDevice
                0x0000000008003270       0x40 ./Drivers/STM32H7xx_HAL_Driver/Src/stm32h7xx_ll_usb.o
                0x0000000008003270                USB_StopDevice
 .text.USB_SetDevAddress
                0x00000000080032b0       0x20 ./Drivers/STM32H7xx_HAL_Driver/Src/stm32h7xx_ll_usb.o
                0x00000000080032b0                USB_SetDevAddress
 .text.USB_DevConnect
                0x00000000080032d0       0x1c ./Drivers/STM32H7xx_HAL_Driver/Src/stm32h7xx_ll_usb.o
                0x00000000080032d0                USB_DevConnect
 .text.USB_DevDisconnect
                0x00000000080032ec       0x1c ./Drivers/STM32H7xx_HAL_Driver/Src/stm32h7xx_ll_usb.o
                0x00000000080032ec                USB_DevDisconnect
 .text.USB_ReadInterrupts
                0x0000000008003308        0x8 ./Drivers/STM32H7xx_HAL_Driver/Src/stm32h7xx_ll_usb.o
                0x0000000008003308                USB_ReadInterrupts
 .text.USB_ReadDevAllOutEpInterrupt
                0x0000000008003310       0x10 ./Drivers/STM32H7xx_HAL_Driver/Src/stm32h7xx_ll_usb.o
                0x0000000008003310                USB_ReadDevAllOutEpInterrupt
 .text.USB_ReadDevAllInEpInterrupt
                0x0000000008003320       0x10 ./Drivers/STM32H7xx_HAL_Driver/Src/stm32h7xx_ll_usb.o
                0x0000000008003320                USB_ReadDevAllInEpInterrupt
 .text.USB_ReadDevOutEPInterrupt
                0x0000000008003330       0x12 ./Drivers/STM32H7xx_HAL_Driver/Src/stm32h7xx_ll_usb.o
                0x0000000008003330                USB_ReadDevOutEPInterrupt
 .text.USB_ReadDevInEPInterrupt
                0x0000000008003342       0x24 ./Drivers/STM32H7xx_HAL_Driver/Src/stm32h7xx_ll_usb.o
                0x0000000008003342                USB_ReadDevInEPInterrupt
 .text.USB_GetMode
                0x0000000008003366        0x8 ./Drivers/STM32H7xx_HAL_Driver/Src/stm32h7xx_ll_usb.o
                0x0000000008003366                USB_GetMode
 .text.USB_ActivateSetup
                0x000000000800336e       0x20 ./Drivers/STM32H7xx_HAL_Driver/Src/stm32h7xx_ll_usb.o
                0x000000000800336e                USB_ActivateSetup
 *fill*         0x000000000800338e        0x2 
 .text.USB_EP0_OutStart
                0x0000000008003390       0x4c ./Drivers/STM32H7xx_HAL_Driver/Src/stm32h7xx_ll_usb.o
                0x0000000008003390                USB_EP0_OutStart
 .text.LL_SetSystemCoreClock
                0x00000000080033dc        0xc ./Drivers/STM32H7xx_HAL_Driver/Src/stm32h7xx_ll_utils.o
                0x00000000080033dc                LL_SetSystemCoreClock
 .text.CpuIrqDisable
                0x00000000080033e8        0x4 ./Library/ARMCM7_STM32H7/GCC/cpu_comp.o
                0x00000000080033e8                CpuIrqDisable
 .text.CpuIrqEnable
                0x00000000080033ec        0x4 ./Library/ARMCM7_STM32H7/GCC/cpu_comp.o
                0x00000000080033ec                CpuIrqEnable
 .text.CpuInit  0x00000000080033f0        0x4 ./Library/ARMCM7_STM32H7/cpu.o
                0x00000000080033f0                CpuInit
 .text.CpuStartUserProgram
                0x00000000080033f4       0x44 ./Library/ARMCM7_STM32H7/cpu.o
                0x00000000080033f4                CpuStartUserProgram
 .text.CpuMemCopy
                0x0000000008003438       0x1c ./Library/ARMCM7_STM32H7/cpu.o
                0x0000000008003438                CpuMemCopy
 .text.FlashGetSectorIdx
                0x0000000008003454       0x30 ./Library/ARMCM7_STM32H7/flash.o
 .text.FlashWriteBlock
                0x0000000008003484       0x60 ./Library/ARMCM7_STM32H7/flash.o
 .text.FlashSwitchBlock
                0x00000000080034e4       0x4c ./Library/ARMCM7_STM32H7/flash.o
 .text.FlashAddToBlock
                0x0000000008003530       0x7a ./Library/ARMCM7_STM32H7/flash.o
 *fill*         0x00000000080035aa        0x2 
 .text.FlashInit
                0x00000000080035ac       0x18 ./Library/ARMCM7_STM32H7/flash.o
                0x00000000080035ac                FlashInit
 .text.FlashWrite
                0x00000000080035c4       0x60 ./Library/ARMCM7_STM32H7/flash.o
                0x00000000080035c4                FlashWrite
 .text.FlashErase
                0x0000000008003624       0x98 ./Library/ARMCM7_STM32H7/flash.o
                0x0000000008003624                FlashErase
 .text.FlashWriteChecksum
                0x00000000080036bc       0x44 ./Library/ARMCM7_STM32H7/flash.o
                0x00000000080036bc                FlashWriteChecksum
 .text.FlashVerifyChecksum
                0x0000000008003700       0x30 ./Library/ARMCM7_STM32H7/flash.o
                0x0000000008003700                FlashVerifyChecksum
 .text.FlashDone
                0x0000000008003730       0x34 ./Library/ARMCM7_STM32H7/flash.o
                0x0000000008003730                FlashDone
 .text.FlashGetUserProgBaseAddress
                0x0000000008003764        0x8 ./Library/ARMCM7_STM32H7/flash.o
                0x0000000008003764                FlashGetUserProgBaseAddress
 .text.NvmInit  0x000000000800376c        0x4 ./Library/ARMCM7_STM32H7/nvm.o
                0x000000000800376c                NvmInit
 .text.NvmWrite
                0x0000000008003770        0x4 ./Library/ARMCM7_STM32H7/nvm.o
                0x0000000008003770                NvmWrite
 .text.NvmErase
                0x0000000008003774        0x4 ./Library/ARMCM7_STM32H7/nvm.o
                0x0000000008003774                NvmErase
 .text.NvmVerifyChecksum
                0x0000000008003778        0x4 ./Library/ARMCM7_STM32H7/nvm.o
                0x0000000008003778                NvmVerifyChecksum
 .text.NvmGetUserProgBaseAddress
                0x000000000800377c        0x4 ./Library/ARMCM7_STM32H7/nvm.o
                0x000000000800377c                NvmGetUserProgBaseAddress
 .text.NvmDone  0x0000000008003780       0x12 ./Library/ARMCM7_STM32H7/nvm.o
                0x0000000008003780                NvmDone
 .text.TimerReset
                0x0000000008003792        0xe ./Library/ARMCM7_STM32H7/timer.o
                0x0000000008003792                TimerReset
 .text.TimerInit
                0x00000000080037a0       0x24 ./Library/ARMCM7_STM32H7/timer.o
                0x00000000080037a0                TimerInit
 .text.TimerUpdate
                0x00000000080037c4       0x18 ./Library/ARMCM7_STM32H7/timer.o
                0x00000000080037c4                TimerUpdate
 .text.TimerGet
                0x00000000080037dc       0x10 ./Library/ARMCM7_STM32H7/timer.o
                0x00000000080037dc                TimerGet
 .text.HAL_GetTick
                0x00000000080037ec       0x10 ./Library/ARMCM7_STM32H7/timer.o
                0x00000000080037ec                HAL_GetTick
 .text.UsbFifoMgrWrite
                0x00000000080037fc       0x50 ./Library/ARMCM7_STM32H7/usb.o
 .text.UsbFifoMgrRead
                0x000000000800384c       0x4c ./Library/ARMCM7_STM32H7/usb.o
 .text.UsbInit  0x0000000008003898       0xa0 ./Library/ARMCM7_STM32H7/usb.o
                0x0000000008003898                UsbInit
 .text.UsbFree  0x0000000008003938       0x20 ./Library/ARMCM7_STM32H7/usb.o
                0x0000000008003938                UsbFree
 .text.UsbTransmitPacket
                0x0000000008003958       0x58 ./Library/ARMCM7_STM32H7/usb.o
                0x0000000008003958                UsbTransmitPacket
 .text.UsbReceivePacket
                0x00000000080039b0       0x94 ./Library/ARMCM7_STM32H7/usb.o
                0x00000000080039b0                UsbReceivePacket
 .text.UsbTransmitPipeBulkIN
                0x0000000008003a44       0x80 ./Library/ARMCM7_STM32H7/usb.o
                0x0000000008003a44                UsbTransmitPipeBulkIN
 .text.UsbReceivePipeBulkOUT
                0x0000000008003ac4       0x5c ./Library/ARMCM7_STM32H7/usb.o
                0x0000000008003ac4                UsbReceivePipeBulkOUT
 .text.USBD_Init
                0x0000000008003b20       0x30 ./Library/STM32_USB_Device_Library/Core/Src/usbd_core.o
                0x0000000008003b20                USBD_Init
 .text.USBD_DeInit
                0x0000000008003b50       0x36 ./Library/STM32_USB_Device_Library/Core/Src/usbd_core.o
                0x0000000008003b50                USBD_DeInit
 .text.USBD_RegisterClass
                0x0000000008003b86       0x26 ./Library/STM32_USB_Device_Library/Core/Src/usbd_core.o
                0x0000000008003b86                USBD_RegisterClass
 .text.USBD_Start
                0x0000000008003bac        0x4 ./Library/STM32_USB_Device_Library/Core/Src/usbd_core.o
                0x0000000008003bac                USBD_Start
 .text.USBD_SetClassConfig
                0x0000000008003bb0        0xe ./Library/STM32_USB_Device_Library/Core/Src/usbd_core.o
                0x0000000008003bb0                USBD_SetClassConfig
 .text.USBD_ClrClassConfig
                0x0000000008003bbe       0x10 ./Library/STM32_USB_Device_Library/Core/Src/usbd_core.o
                0x0000000008003bbe                USBD_ClrClassConfig
 .text.USBD_LL_SetupStage
                0x0000000008003bce       0x60 ./Library/STM32_USB_Device_Library/Core/Src/usbd_core.o
                0x0000000008003bce                USBD_LL_SetupStage
 .text.USBD_LL_DataOutStage
                0x0000000008003c2e       0x64 ./Library/STM32_USB_Device_Library/Core/Src/usbd_core.o
                0x0000000008003c2e                USBD_LL_DataOutStage
 .text.USBD_LL_DataInStage
                0x0000000008003c92       0x9c ./Library/STM32_USB_Device_Library/Core/Src/usbd_core.o
                0x0000000008003c92                USBD_LL_DataInStage
 .text.USBD_LL_Reset
                0x0000000008003d2e       0x50 ./Library/STM32_USB_Device_Library/Core/Src/usbd_core.o
                0x0000000008003d2e                USBD_LL_Reset
 .text.USBD_LL_SetSpeed
                0x0000000008003d7e        0x6 ./Library/STM32_USB_Device_Library/Core/Src/usbd_core.o
                0x0000000008003d7e                USBD_LL_SetSpeed
 .text.USBD_LL_Suspend
                0x0000000008003d84       0x12 ./Library/STM32_USB_Device_Library/Core/Src/usbd_core.o
                0x0000000008003d84                USBD_LL_Suspend
 .text.USBD_LL_Resume
                0x0000000008003d96       0x14 ./Library/STM32_USB_Device_Library/Core/Src/usbd_core.o
                0x0000000008003d96                USBD_LL_Resume
 .text.USBD_LL_SOF
                0x0000000008003daa       0x18 ./Library/STM32_USB_Device_Library/Core/Src/usbd_core.o
                0x0000000008003daa                USBD_LL_SOF
 .text.USBD_LL_IsoINIncomplete
                0x0000000008003dc2        0x4 ./Library/STM32_USB_Device_Library/Core/Src/usbd_core.o
                0x0000000008003dc2                USBD_LL_IsoINIncomplete
 .text.USBD_LL_IsoOUTIncomplete
                0x0000000008003dc6        0x4 ./Library/STM32_USB_Device_Library/Core/Src/usbd_core.o
                0x0000000008003dc6                USBD_LL_IsoOUTIncomplete
 .text.USBD_LL_DevConnected
                0x0000000008003dca        0x4 ./Library/STM32_USB_Device_Library/Core/Src/usbd_core.o
                0x0000000008003dca                USBD_LL_DevConnected
 .text.USBD_LL_DevDisconnected
                0x0000000008003dce       0x18 ./Library/STM32_USB_Device_Library/Core/Src/usbd_core.o
                0x0000000008003dce                USBD_LL_DevDisconnected
 .text.USBD_CtlError.constprop.0
                0x0000000008003de6       0x16 ./Library/STM32_USB_Device_Library/Core/Src/usbd_ctlreq.o
 .text.USBD_StdDevReq
                0x0000000008003dfc      0x284 ./Library/STM32_USB_Device_Library/Core/Src/usbd_ctlreq.o
                0x0000000008003dfc                USBD_StdDevReq
 .text.USBD_StdItfReq
                0x0000000008004080       0x4c ./Library/STM32_USB_Device_Library/Core/Src/usbd_ctlreq.o
                0x0000000008004080                USBD_StdItfReq
 .text.USBD_StdEPReq
                0x00000000080040cc      0x12c ./Library/STM32_USB_Device_Library/Core/Src/usbd_ctlreq.o
                0x00000000080040cc                USBD_StdEPReq
 .text.USBD_ParseSetupRequest
                0x00000000080041f8       0x16 ./Library/STM32_USB_Device_Library/Core/Src/usbd_ctlreq.o
                0x00000000080041f8                USBD_ParseSetupRequest
 .text.USBD_CtlError
                0x000000000800420e       0x16 ./Library/STM32_USB_Device_Library/Core/Src/usbd_ctlreq.o
                0x000000000800420e                USBD_CtlError
 .text.USBD_GetString
                0x0000000008004224       0x38 ./Library/STM32_USB_Device_Library/Core/Src/usbd_ctlreq.o
                0x0000000008004224                USBD_GetString
 .text.USBD_CtlSendData
                0x000000000800425c       0x1a ./Library/STM32_USB_Device_Library/Core/Src/usbd_ioreq.o
                0x000000000800425c                USBD_CtlSendData
 .text.USBD_CtlContinueSendData
                0x0000000008004276       0x10 ./Library/STM32_USB_Device_Library/Core/Src/usbd_ioreq.o
                0x0000000008004276                USBD_CtlContinueSendData
 .text.USBD_CtlContinueRx
                0x0000000008004286       0x10 ./Library/STM32_USB_Device_Library/Core/Src/usbd_ioreq.o
                0x0000000008004286                USBD_CtlContinueRx
 .text.USBD_CtlSendStatus
                0x0000000008004296       0x16 ./Library/STM32_USB_Device_Library/Core/Src/usbd_ioreq.o
                0x0000000008004296                USBD_CtlSendStatus
 .text.USBD_CtlReceiveStatus
                0x00000000080042ac       0x16 ./Library/STM32_USB_Device_Library/Core/Src/usbd_ioreq.o
                0x00000000080042ac                USBD_CtlReceiveStatus
 .text.AssertFailure
                0x00000000080042c2        0x8 ./Library/asserts.o
                0x00000000080042c2                AssertFailure
 *fill*         0x00000000080042ca        0x2 
 .text.BackDoorCheck
                0x00000000080042cc       0x44 ./Library/backdoor.o
                0x00000000080042cc                BackDoorCheck
 .text.BackDoorSetExtension
                0x0000000008004310        0xc ./Library/backdoor.o
                0x0000000008004310                BackDoorSetExtension
 .text.BackDoorGetExtension
                0x000000000800431c        0xc ./Library/backdoor.o
                0x000000000800431c                BackDoorGetExtension
 .text.BackDoorRestartTimer
                0x0000000008004328       0x1c ./Library/backdoor.o
                0x0000000008004328                BackDoorRestartTimer
 .text.BackDoorInit
                0x0000000008004344       0x18 ./Library/backdoor.o
                0x0000000008004344                BackDoorInit
 .text.BootInit
                0x000000000800435c       0x1e ./Library/boot.o
                0x000000000800435c                BootInit
 .text.BootTask
                0x000000000800437a       0x16 ./Library/boot.o
                0x000000000800437a                BootTask
 .text.ComInit  0x0000000008004390       0x18 ./Library/com.o
                0x0000000008004390                ComInit
 .text.ComTask  0x00000000080043a8       0x30 ./Library/com.o
                0x00000000080043a8                ComTask
 .text.ComFree  0x00000000080043d8        0x4 ./Library/com.o
                0x00000000080043d8                ComFree
 .text.ComTransmitPacket
                0x00000000080043dc       0x1c ./Library/com.o
                0x00000000080043dc                ComTransmitPacket
 .text.ComGetActiveInterfaceMaxRxLen
                0x00000000080043f8       0x1c ./Library/com.o
                0x00000000080043f8                ComGetActiveInterfaceMaxRxLen
 .text.ComGetActiveInterfaceMaxTxLen
                0x0000000008004414        0x4 ./Library/com.o
                0x0000000008004414                ComGetActiveInterfaceMaxTxLen
 .text.ComIsConnected
                0x0000000008004418        0xe ./Library/com.o
                0x0000000008004418                ComIsConnected
 .text.CopInit  0x0000000008004426        0x4 ./Library/cop.o
                0x0000000008004426                CopInit
 .text.CopService
                0x000000000800442a        0x4 ./Library/cop.o
                0x000000000800442a                CopService
 *fill*         0x000000000800442e        0x2 
 .text.XcpSetCtoError
                0x0000000008004430       0x14 ./Library/xcp.o
 .text.XcpGetOrderedLong
                0x0000000008004444        0x4 ./Library/xcp.o
 .text.XcpInit  0x0000000008004448       0x20 ./Library/xcp.o
                0x0000000008004448                XcpInit
 .text.XcpIsConnected
                0x0000000008004468       0x14 ./Library/xcp.o
                0x0000000008004468                XcpIsConnected
 .text.XcpPacketTransmitted
                0x000000000800447c       0x10 ./Library/xcp.o
                0x000000000800447c                XcpPacketTransmitted
 .text.XcpPacketReceived
                0x000000000800448c      0x23c ./Library/xcp.o
                0x000000000800448c                XcpPacketReceived
 .text.USBD_Bulk_GetFSCfgDesc
                0x00000000080046c8        0xc ./USB_DEVICE/App/usbd_bulk.o
 .text.USBD_Bulk_GetDeviceQualifierDescriptor
                0x00000000080046d4        0xc ./USB_DEVICE/App/usbd_bulk.o
                0x00000000080046d4                USBD_Bulk_GetDeviceQualifierDescriptor
 .text.USBD_Bulk_SOF
                0x00000000080046e0       0x12 ./USB_DEVICE/App/usbd_bulk.o
 .text.USBD_Bulk_DataIn
                0x00000000080046f2        0xa ./USB_DEVICE/App/usbd_bulk.o
 .text.USBD_Bulk_DataOut
                0x00000000080046fc        0xc ./USB_DEVICE/App/usbd_bulk.o
 .text.USBD_Bulk_DeInit
                0x0000000008004708       0x16 ./USB_DEVICE/App/usbd_bulk.o
 *fill*         0x000000000800471e        0x2 
 .text.USBD_Bulk_Init
                0x0000000008004720       0x30 ./USB_DEVICE/App/usbd_bulk.o
 .text.USBD_Bulk_Setup
                0x0000000008004750       0x60 ./USB_DEVICE/App/usbd_bulk.o
 .text.USBD_Bulk_GetRxBufferPtr
                0x00000000080047b0        0x8 ./USB_DEVICE/App/usbd_bulk.o
                0x00000000080047b0                USBD_Bulk_GetRxBufferPtr
 .text.USBD_FS_DeviceDescriptor
                0x00000000080047b8        0xc ./USB_DEVICE/App/usbd_desc.o
                0x00000000080047b8                USBD_FS_DeviceDescriptor
 .text.USBD_FS_LangIDStrDescriptor
                0x00000000080047c4        0xc ./USB_DEVICE/App/usbd_desc.o
                0x00000000080047c4                USBD_FS_LangIDStrDescriptor
 .text.IntToUnicode
                0x00000000080047d0       0x2a ./USB_DEVICE/App/usbd_desc.o
 *fill*         0x00000000080047fa        0x2 
 .text.USBD_FS_SerialStrDescriptor
                0x00000000080047fc       0x3c ./USB_DEVICE/App/usbd_desc.o
                0x00000000080047fc                USBD_FS_SerialStrDescriptor
 .text.USBD_FS_ManufacturerStrDescriptor
                0x0000000008004838       0x1c ./USB_DEVICE/App/usbd_desc.o
                0x0000000008004838                USBD_FS_ManufacturerStrDescriptor
 .text.USBD_FS_ProductStrDescriptor
                0x0000000008004854       0x1c ./USB_DEVICE/App/usbd_desc.o
                0x0000000008004854                USBD_FS_ProductStrDescriptor
 .text.USBD_FS_ConfigStrDescriptor
                0x0000000008004870       0x1c ./USB_DEVICE/App/usbd_desc.o
                0x0000000008004870                USBD_FS_ConfigStrDescriptor
 .text.USBD_FS_InterfaceStrDescriptor
                0x000000000800488c       0x1c ./USB_DEVICE/App/usbd_desc.o
                0x000000000800488c                USBD_FS_InterfaceStrDescriptor
 .text.HAL_PCD_SetupStageCallback
                0x00000000080048a8        0xc ./USB_DEVICE/Target/usbd_conf.o
                0x00000000080048a8                HAL_PCD_SetupStageCallback
 .text.HAL_PCD_DataOutStageCallback
                0x00000000080048b4       0x12 ./USB_DEVICE/Target/usbd_conf.o
                0x00000000080048b4                HAL_PCD_DataOutStageCallback
 .text.HAL_PCD_DataInStageCallback
                0x00000000080048c6       0x10 ./USB_DEVICE/Target/usbd_conf.o
                0x00000000080048c6                HAL_PCD_DataInStageCallback
 .text.HAL_PCD_SOFCallback
                0x00000000080048d6        0x8 ./USB_DEVICE/Target/usbd_conf.o
                0x00000000080048d6                HAL_PCD_SOFCallback
 *fill*         0x00000000080048de        0x2 
 .text.HAL_PCD_ResetCallback
                0x00000000080048e0       0x30 ./USB_DEVICE/Target/usbd_conf.o
                0x00000000080048e0                HAL_PCD_ResetCallback
 .text.HAL_PCD_SuspendCallback
                0x0000000008004910       0x34 ./USB_DEVICE/Target/usbd_conf.o
                0x0000000008004910                HAL_PCD_SuspendCallback
 .text.HAL_PCD_ResumeCallback
                0x0000000008004944       0x14 ./USB_DEVICE/Target/usbd_conf.o
                0x0000000008004944                HAL_PCD_ResumeCallback
 .text.HAL_PCD_ISOOUTIncompleteCallback
                0x0000000008004958        0x8 ./USB_DEVICE/Target/usbd_conf.o
                0x0000000008004958                HAL_PCD_ISOOUTIncompleteCallback
 .text.HAL_PCD_ISOINIncompleteCallback
                0x0000000008004960        0x8 ./USB_DEVICE/Target/usbd_conf.o
                0x0000000008004960                HAL_PCD_ISOINIncompleteCallback
 .text.HAL_PCD_ConnectCallback
                0x0000000008004968       0x16 ./USB_DEVICE/Target/usbd_conf.o
                0x0000000008004968                HAL_PCD_ConnectCallback
 .text.HAL_PCD_DisconnectCallback
                0x000000000800497e       0x16 ./USB_DEVICE/Target/usbd_conf.o
                0x000000000800497e                HAL_PCD_DisconnectCallback
 .text.USBD_LL_Init
                0x0000000008004994       0x70 ./USB_DEVICE/Target/usbd_conf.o
                0x0000000008004994                USBD_LL_Init
 .text.USBD_LL_IsStallEP
                0x0000000008004a04       0x26 ./USB_DEVICE/Target/usbd_conf.o
                0x0000000008004a04                USBD_LL_IsStallEP
 .text.USBD_LL_GetRxDataSize
                0x0000000008004a2a        0x8 ./USB_DEVICE/Target/usbd_conf.o
                0x0000000008004a2a                USBD_LL_GetRxDataSize
 *fill*         0x0000000008004a32        0x2 
 .text.USBD_Get_USB_Status
                0x0000000008004a34       0x10 ./USB_DEVICE/Target/usbd_conf.o
                0x0000000008004a34                USBD_Get_USB_Status
 .text.USBD_LL_DeInit
                0x0000000008004a44       0x12 ./USB_DEVICE/Target/usbd_conf.o
                0x0000000008004a44                USBD_LL_DeInit
 .text.USBD_LL_Start
                0x0000000008004a56       0x12 ./USB_DEVICE/Target/usbd_conf.o
                0x0000000008004a56                USBD_LL_Start
 .text.USBD_LL_Stop
                0x0000000008004a68       0x12 ./USB_DEVICE/Target/usbd_conf.o
                0x0000000008004a68                USBD_LL_Stop
 .text.USBD_LL_OpenEP
                0x0000000008004a7a       0x18 ./USB_DEVICE/Target/usbd_conf.o
                0x0000000008004a7a                USBD_LL_OpenEP
 .text.USBD_LL_CloseEP
                0x0000000008004a92       0x12 ./USB_DEVICE/Target/usbd_conf.o
                0x0000000008004a92                USBD_LL_CloseEP
 .text.USBD_LL_StallEP
                0x0000000008004aa4       0x12 ./USB_DEVICE/Target/usbd_conf.o
                0x0000000008004aa4                USBD_LL_StallEP
 .text.USBD_LL_ClearStallEP
                0x0000000008004ab6       0x12 ./USB_DEVICE/Target/usbd_conf.o
                0x0000000008004ab6                USBD_LL_ClearStallEP
 .text.USBD_LL_SetUSBAddress
                0x0000000008004ac8       0x12 ./USB_DEVICE/Target/usbd_conf.o
                0x0000000008004ac8                USBD_LL_SetUSBAddress
 .text.USBD_LL_Transmit
                0x0000000008004ada       0x12 ./USB_DEVICE/Target/usbd_conf.o
                0x0000000008004ada                USBD_LL_Transmit
 .text.USBD_LL_PrepareReceive
                0x0000000008004aec       0x12 ./USB_DEVICE/Target/usbd_conf.o
                0x0000000008004aec                USBD_LL_PrepareReceive
 *fill*         0x0000000008004afe        0x2 
 .text.__libc_init_array
                0x0000000008004b00       0x48 s:/st/stm32cubeide_1.9.0/stm32cubeide/plugins/com.st.stm32cube.ide.mcu.externaltools.gnu-tools-for-stm32.10.3-2021.10.win32_1.0.0.202111181127/tools/bin/../lib/gcc/arm-none-eabi/10.3.1/../../../../arm-none-eabi/lib/thumb/v7e-m+dp/hard\libc_nano.a(lib_a-init.o)
                0x0000000008004b00                __libc_init_array
 .text.memset   0x0000000008004b48       0x10 s:/st/stm32cubeide_1.9.0/stm32cubeide/plugins/com.st.stm32cube.ide.mcu.externaltools.gnu-tools-for-stm32.10.3-2021.10.win32_1.0.0.202111181127/tools/bin/../lib/gcc/arm-none-eabi/10.3.1/../../../../arm-none-eabi/lib/thumb/v7e-m+dp/hard\libc_nano.a(lib_a-memset.o)
                0x0000000008004b48                memset
 *(.glue_7)
 .glue_7        0x0000000008004b58        0x0 linker stubs
 *(.glue_7t)
 .glue_7t       0x0000000008004b58        0x0 linker stubs
 *(.eh_frame)
 .eh_frame      0x0000000008004b58        0x0 s:/st/stm32cubeide_1.9.0/stm32cubeide/plugins/com.st.stm32cube.ide.mcu.externaltools.gnu-tools-for-stm32.10.3-2021.10.win32_1.0.0.202111181127/tools/bin/../lib/gcc/arm-none-eabi/10.3.1/thumb/v7e-m+dp/hard/crtbegin.o
 *(.init)
 .init          0x0000000008004b58        0x4 s:/st/stm32cubeide_1.9.0/stm32cubeide/plugins/com.st.stm32cube.ide.mcu.externaltools.gnu-tools-for-stm32.10.3-2021.10.win32_1.0.0.202111181127/tools/bin/../lib/gcc/arm-none-eabi/10.3.1/thumb/v7e-m+dp/hard/crti.o
                0x0000000008004b58                _init
 .init          0x0000000008004b5c        0x8 s:/st/stm32cubeide_1.9.0/stm32cubeide/plugins/com.st.stm32cube.ide.mcu.externaltools.gnu-tools-for-stm32.10.3-2021.10.win32_1.0.0.202111181127/tools/bin/../lib/gcc/arm-none-eabi/10.3.1/thumb/v7e-m+dp/hard/crtn.o
 *(.fini)
 .fini          0x0000000008004b64        0x4 s:/st/stm32cubeide_1.9.0/stm32cubeide/plugins/com.st.stm32cube.ide.mcu.externaltools.gnu-tools-for-stm32.10.3-2021.10.win32_1.0.0.202111181127/tools/bin/../lib/gcc/arm-none-eabi/10.3.1/thumb/v7e-m+dp/hard/crti.o
                0x0000000008004b64                _fini
 .fini          0x0000000008004b68        0x8 s:/st/stm32cubeide_1.9.0/stm32cubeide/plugins/com.st.stm32cube.ide.mcu.externaltools.gnu-tools-for-stm32.10.3-2021.10.win32_1.0.0.202111181127/tools/bin/../lib/gcc/arm-none-eabi/10.3.1/thumb/v7e-m+dp/hard/crtn.o
                0x0000000008004b70                . = ALIGN (0x4)
                0x0000000008004b70                _etext = .

.vfp11_veneer   0x0000000008004b70        0x0
 .vfp11_veneer  0x0000000008004b70        0x0 linker stubs

.v4_bx          0x0000000008004b70        0x0
 .v4_bx         0x0000000008004b70        0x0 linker stubs

.iplt           0x0000000008004b70        0x0
 .iplt          0x0000000008004b70        0x0 s:/st/stm32cubeide_1.9.0/stm32cubeide/plugins/com.st.stm32cube.ide.mcu.externaltools.gnu-tools-for-stm32.10.3-2021.10.win32_1.0.0.202111181127/tools/bin/../lib/gcc/arm-none-eabi/10.3.1/thumb/v7e-m+dp/hard/crtbegin.o

.user_data      0x0000000008180000        0x0
                0x0000000008180000                . = ALIGN (0x4)
                0x0000000008180000                _BeginData = .
 *(SORT_BY_NAME(.user_data.*))
 *(.user_data*)
                0x0000000008180000                . = ALIGN (0x4)
                0x0000000008180000                _EndData = .

.rodata         0x0000000008004b70      0xc7c
                0x0000000008004b70                . = ALIGN (0x4)
 *(.rodata)
 *(.rodata*)
 .rodata.D1CorePrescTable
                0x0000000008004b70       0x10 ./Drivers/CMSIS/Device/ST/STM32H7xx/Source/Templates/system_stm32h7xx.o
                0x0000000008004b70                D1CorePrescTable
 .rodata.flashLayout
                0x0000000008004b80      0xba0 ./Library/ARMCM7_STM32H7/flash.o
 .rodata.UsbFifoMgrWrite.str1.1
                0x0000000008005720       0x5d ./Library/ARMCM7_STM32H7/usb.o
 .rodata.CSWTCH.9
                0x000000000800577d        0x3 ./Library/com.o
 .rodata.xcpStationId
                0x0000000008005780        0x8 ./Library/xcp.o
 .rodata.USBD_FS_ManufacturerStrDescriptor.str1.1
                0x0000000008005788        0xd ./USB_DEVICE/App/usbd_desc.o
 .rodata.USBD_FS_ProductStrDescriptor.str1.1
                0x0000000008005795       0x13 ./USB_DEVICE/App/usbd_desc.o
 .rodata.USBD_FS_ConfigStrDescriptor.str1.1
                0x00000000080057a8        0x8 ./USB_DEVICE/App/usbd_desc.o
 .rodata.USBD_FS_InterfaceStrDescriptor.str1.1
                0x00000000080057b0       0x16 ./USB_DEVICE/App/usbd_desc.o
 .rodata.HAL_PCD_ResetCallback.str1.1
                0x00000000080057c6       0x21 ./USB_DEVICE/Target/usbd_conf.o
 .rodata.CSWTCH.17
                0x00000000080057e7        0x4 ./USB_DEVICE/Target/usbd_conf.o
                0x00000000080057ec                . = ALIGN (0x4)
 *fill*         0x00000000080057eb        0x1 

.rel.dyn        0x00000000080057ec        0x0
 .rel.iplt      0x00000000080057ec        0x0 s:/st/stm32cubeide_1.9.0/stm32cubeide/plugins/com.st.stm32cube.ide.mcu.externaltools.gnu-tools-for-stm32.10.3-2021.10.win32_1.0.0.202111181127/tools/bin/../lib/gcc/arm-none-eabi/10.3.1/thumb/v7e-m+dp/hard/crtbegin.o

.ARM.extab
 *(.ARM.extab* .gnu.linkonce.armextab.*)

.ARM            0x00000000080057ec        0x0
                0x00000000080057ec                __exidx_start = .
 *(.ARM.exidx*)
                0x00000000080057ec                __exidx_end = .

.preinit_array  0x00000000080057ec        0x0
                0x00000000080057ec                PROVIDE (__preinit_array_start = .)
 *(.preinit_array*)
                0x00000000080057ec                PROVIDE (__preinit_array_end = .)

.init_array     0x00000000080057ec        0x4
                0x00000000080057ec                PROVIDE (__init_array_start = .)
 *(SORT_BY_NAME(.init_array.*))
 *(.init_array*)
 .init_array    0x00000000080057ec        0x4 s:/st/stm32cubeide_1.9.0/stm32cubeide/plugins/com.st.stm32cube.ide.mcu.externaltools.gnu-tools-for-stm32.10.3-2021.10.win32_1.0.0.202111181127/tools/bin/../lib/gcc/arm-none-eabi/10.3.1/thumb/v7e-m+dp/hard/crtbegin.o
                0x00000000080057f0                PROVIDE (__init_array_end = .)

.fini_array     0x00000000080057f0        0x4
                [!provide]                        PROVIDE (__fini_array_start = .)
 *(SORT_BY_NAME(.fini_array.*))
 *(.fini_array*)
 .fini_array    0x00000000080057f0        0x4 s:/st/stm32cubeide_1.9.0/stm32cubeide/plugins/com.st.stm32cube.ide.mcu.externaltools.gnu-tools-for-stm32.10.3-2021.10.win32_1.0.0.202111181127/tools/bin/../lib/gcc/arm-none-eabi/10.3.1/thumb/v7e-m+dp/hard/crtbegin.o
                [!provide]                        PROVIDE (__fini_array_end = .)
                0x00000000080057f4                _sidata = LOADADDR (.data)

.data           0x0000000024000000       0xc8 load address 0x00000000080057f4
                0x0000000024000000                . = ALIGN (0x4)
                0x0000000024000000                _sdata = .
 *(.data)
 *(.data*)
 .data.SystemCoreClock
                0x0000000024000000        0x4 ./Drivers/CMSIS/Device/ST/STM32H7xx/Source/Templates/system_stm32h7xx.o
                0x0000000024000000                SystemCoreClock
 .data.SystemD2Clock
                0x0000000024000004        0x4 ./Drivers/CMSIS/Device/ST/STM32H7xx/Source/Templates/system_stm32h7xx.o
                0x0000000024000004                SystemD2Clock
 .data.uwTickFreq
                0x0000000024000008        0x1 ./Drivers/STM32H7xx_HAL_Driver/Src/stm32h7xx_hal.o
                0x0000000024000008                uwTickFreq
 *fill*         0x0000000024000009        0x3 
 .data.uwTickPrio
                0x000000002400000c        0x4 ./Drivers/STM32H7xx_HAL_Driver/Src/stm32h7xx_hal.o
                0x000000002400000c                uwTickPrio
 .data.comActiveInterface
                0x0000000024000010        0x1 ./Library/com.o
 *fill*         0x0000000024000011        0x3 
 .data.USBD_Bulk
                0x0000000024000014       0x38 ./USB_DEVICE/App/usbd_bulk.o
                0x0000000024000014                USBD_Bulk
 .data.USBD_Bulk_CfgFSDesc
                0x000000002400004c       0x20 ./USB_DEVICE/App/usbd_bulk.o
                0x000000002400004c                USBD_Bulk_CfgFSDesc
 .data.USBD_Bulk_DeviceQualifierDesc
                0x000000002400006c        0xa ./USB_DEVICE/App/usbd_bulk.o
 *fill*         0x0000000024000076        0x2 
 .data.FS_Desc  0x0000000024000078       0x1c ./USB_DEVICE/App/usbd_desc.o
                0x0000000024000078                FS_Desc
 .data.USBD_FS_DeviceDesc
                0x0000000024000094       0x12 ./USB_DEVICE/App/usbd_desc.o
                0x0000000024000094                USBD_FS_DeviceDesc
 *fill*         0x00000000240000a6        0x2 
 .data.USBD_LangIDDesc
                0x00000000240000a8        0x4 ./USB_DEVICE/App/usbd_desc.o
                0x00000000240000a8                USBD_LangIDDesc
 .data.USBD_StringSerial
                0x00000000240000ac       0x1a ./USB_DEVICE/App/usbd_desc.o
                0x00000000240000ac                USBD_StringSerial
 *(.RamFunc)
 *(.RamFunc*)
                0x00000000240000c8                . = ALIGN (0x4)
 *fill*         0x00000000240000c6        0x2 
                0x00000000240000c8                _edata = .

.igot.plt       0x00000000240000c8        0x0 load address 0x00000000080058bc
 .igot.plt      0x00000000240000c8        0x0 s:/st/stm32cubeide_1.9.0/stm32cubeide/plugins/com.st.stm32cube.ide.mcu.externaltools.gnu-tools-for-stm32.10.3-2021.10.win32_1.0.0.202111181127/tools/bin/../lib/gcc/arm-none-eabi/10.3.1/thumb/v7e-m+dp/hard/crtbegin.o
                0x00000000240000c8                . = ALIGN (0x4)

.bss            0x00000000240000c8     0x4cc8 load address 0x00000000080058bc
                0x00000000240000c8                _sbss = .
                0x00000000240000c8                __bss_start__ = _sbss
 *(.bss)
 .bss           0x00000000240000c8       0x1c s:/st/stm32cubeide_1.9.0/stm32cubeide/plugins/com.st.stm32cube.ide.mcu.externaltools.gnu-tools-for-stm32.10.3-2021.10.win32_1.0.0.202111181127/tools/bin/../lib/gcc/arm-none-eabi/10.3.1/thumb/v7e-m+dp/hard/crtbegin.o
 *(.bss*)
 .bss.ledBlinkIntervalMs
                0x00000000240000e4        0x2 ./App/led.o
 .bss.ledOn.0   0x00000000240000e6        0x1 ./App/led.o
 *fill*         0x00000000240000e7        0x1 
 .bss.nextBlinkEvent.1
                0x00000000240000e8        0x4 ./App/led.o
 .bss.hpcd_USB_OTG_FS
                0x00000000240000ec      0x50c ./Core/Src/main.o
                0x00000000240000ec                hpcd_USB_OTG_FS
 .bss.uwTick    0x00000000240005f8        0x4 ./Drivers/STM32H7xx_HAL_Driver/Src/stm32h7xx_hal.o
                0x00000000240005f8                uwTick
 .bss.pFlash    0x00000000240005fc       0x1c ./Drivers/STM32H7xx_HAL_Driver/Src/stm32h7xx_hal_flash.o
                0x00000000240005fc                pFlash
 .bss.blockInfo
                0x0000000024000618     0x2004 ./Library/ARMCM7_STM32H7/flash.o
 .bss.bootBlockInfo
                0x000000002400261c     0x2004 ./Library/ARMCM7_STM32H7/flash.o
 .bss.millisecond_counter
                0x0000000024004620        0x4 ./Library/ARMCM7_STM32H7/timer.o
 .bss.USB_Tx_Buffer.0
                0x0000000024004624       0x40 ./Library/ARMCM7_STM32H7/usb.o
 .bss.fifoCtrl  0x0000000024004664       0x30 ./Library/ARMCM7_STM32H7/usb.o
 .bss.fifoCtrlFree
                0x0000000024004694        0x4 ./Library/ARMCM7_STM32H7/usb.o
 .bss.fifoPipeBulkIN
                0x0000000024004698       0x41 ./Library/ARMCM7_STM32H7/usb.o
 .bss.fifoPipeBulkOUT
                0x00000000240046d9       0x41 ./Library/ARMCM7_STM32H7/usb.o
 *fill*         0x000000002400471a        0x2 
 .bss.hUsbDeviceFS
                0x000000002400471c      0x2d0 ./Library/ARMCM7_STM32H7/usb.o
 .bss.xcpCtoReqPacket.2
                0x00000000240049ec       0x40 ./Library/ARMCM7_STM32H7/usb.o
 .bss.xcpCtoRxInProgress.3
                0x0000000024004a2c        0x1 ./Library/ARMCM7_STM32H7/usb.o
 .bss.xcpCtoRxLength.1
                0x0000000024004a2d        0x1 ./Library/ARMCM7_STM32H7/usb.o
 .bss.cfgidx.0  0x0000000024004a2e        0x1 ./Library/STM32_USB_Device_Library/Core/Src/usbd_ctlreq.o
 *fill*         0x0000000024004a2f        0x1 
 .bss.backdoorExtensionTime
                0x0000000024004a30        0x4 ./Library/backdoor.o
 .bss.backdoorOpen
                0x0000000024004a34        0x1 ./Library/backdoor.o
 *fill*         0x0000000024004a35        0x3 
 .bss.backdoorOpenTime
                0x0000000024004a38        0x4 ./Library/backdoor.o
 .bss.xcpCtoReqPacket.0
                0x0000000024004a3c       0x81 ./Library/com.o
 *fill*         0x0000000024004abd        0x3 
 .bss.xcpInfo   0x0000000024004ac0       0x8c ./Library/xcp.o
 .bss.USB_Rx_Buffer
                0x0000000024004b4c       0x40 ./USB_DEVICE/App/usbd_bulk.o
                0x0000000024004b4c                USB_Rx_Buffer
 .bss.usbd_bulk_AltSet
                0x0000000024004b8c        0x4 ./USB_DEVICE/App/usbd_bulk.o
 .bss.USBD_StrDesc
                0x0000000024004b90      0x200 ./USB_DEVICE/App/usbd_desc.o
                0x0000000024004b90                USBD_StrDesc
 *(COMMON)
                0x0000000024004d90                . = ALIGN (0x4)
                0x0000000024004d90                _ebss = .
                0x0000000024004d90                __bss_end__ = _ebss

._user_heap_stack
                0x0000000024004d90      0x600 load address 0x00000000080058bc
                0x0000000024004d90                . = ALIGN (0x8)
                [!provide]                        PROVIDE (end = .)
                0x0000000024004d90                PROVIDE (_end = .)
                0x0000000024004f90                . = (. + _Min_Heap_Size)
 *fill*         0x0000000024004d90      0x200 
                0x0000000024005390                . = (. + _Min_Stack_Size)
 *fill*         0x0000000024004f90      0x400 
                0x0000000024005390                . = ALIGN (0x8)

.DATA_RAM_SRD

.DATA_DTCMRAM1

.DATA_RAM_NOCACHE
                0x0000000024080000        0x0
                0x0000000024080000                . = ALIGN (0x4)
                0x0000000024080000                _snocachedata = .
 *(.DATA_RAM_NOCACHE)
 *(.DATA_RAM_NOCACHE*)
                0x0000000024080000                . = ALIGN (0x4)
                0x0000000024080000                _enocachedata = .
                0x0000000024080000                _sinocachedata = LOADADDR (.DATA_RAM_NOCACHE)

.DATA_DTCMRAM2  0x0000000020010000        0x0
                0x0000000020010000                . = ALIGN (0x20)
 *(.DATA_DTCMRAM2)
 *(.DATA_DTCMRAM2*)
                0x0000000020010000                . = ALIGN (0x20)

/DISCARD/
 libc.a(*)
 libm.a(*)
 libgcc.a(*)

.ARM.attributes
                0x0000000000000000       0x2e
 *(.ARM.attributes)
 .ARM.attributes
                0x0000000000000000       0x1e s:/st/stm32cubeide_1.9.0/stm32cubeide/plugins/com.st.stm32cube.ide.mcu.externaltools.gnu-tools-for-stm32.10.3-2021.10.win32_1.0.0.202111181127/tools/bin/../lib/gcc/arm-none-eabi/10.3.1/thumb/v7e-m+dp/hard/crti.o
 .ARM.attributes
                0x000000000000001e       0x32 s:/st/stm32cubeide_1.9.0/stm32cubeide/plugins/com.st.stm32cube.ide.mcu.externaltools.gnu-tools-for-stm32.10.3-2021.10.win32_1.0.0.202111181127/tools/bin/../lib/gcc/arm-none-eabi/10.3.1/thumb/v7e-m+dp/hard/crtbegin.o
 .ARM.attributes
                0x0000000000000050       0x32 ./App/app.o
 .ARM.attributes
                0x0000000000000082       0x32 ./App/hooks.o
 .ARM.attributes
                0x00000000000000b4       0x32 ./App/led.o
 .ARM.attributes
                0x00000000000000e6       0x32 ./Core/Src/main.o
 .ARM.attributes
                0x0000000000000118       0x32 ./Core/Src/stm32h7xx_hal_msp.o
 .ARM.attributes
                0x000000000000014a       0x32 ./Core/Src/stm32h7xx_it.o
 .ARM.attributes
                0x000000000000017c       0x21 ./Core/Startup/startup_stm32h7b3lihxq.o
 .ARM.attributes
                0x000000000000019d       0x32 ./Drivers/CMSIS/Device/ST/STM32H7xx/Source/Templates/system_stm32h7xx.o
 .ARM.attributes
                0x00000000000001cf       0x32 ./Drivers/STM32H7xx_HAL_Driver/Src/stm32h7xx_hal.o
 .ARM.attributes
                0x0000000000000201       0x32 ./Drivers/STM32H7xx_HAL_Driver/Src/stm32h7xx_hal_cortex.o
 .ARM.attributes
                0x0000000000000233       0x32 ./Drivers/STM32H7xx_HAL_Driver/Src/stm32h7xx_hal_flash.o
 .ARM.attributes
                0x0000000000000265       0x32 ./Drivers/STM32H7xx_HAL_Driver/Src/stm32h7xx_hal_flash_ex.o
 .ARM.attributes
                0x0000000000000297       0x32 ./Drivers/STM32H7xx_HAL_Driver/Src/stm32h7xx_hal_gpio.o
 .ARM.attributes
                0x00000000000002c9       0x32 ./Drivers/STM32H7xx_HAL_Driver/Src/stm32h7xx_hal_pcd.o
 .ARM.attributes
                0x00000000000002fb       0x32 ./Drivers/STM32H7xx_HAL_Driver/Src/stm32h7xx_hal_pcd_ex.o
 .ARM.attributes
                0x000000000000032d       0x32 ./Drivers/STM32H7xx_HAL_Driver/Src/stm32h7xx_hal_pwr_ex.o
 .ARM.attributes
                0x000000000000035f       0x32 ./Drivers/STM32H7xx_HAL_Driver/Src/stm32h7xx_hal_rcc.o
 .ARM.attributes
                0x0000000000000391       0x32 ./Drivers/STM32H7xx_HAL_Driver/Src/stm32h7xx_ll_exti.o
 .ARM.attributes
                0x00000000000003c3       0x32 ./Drivers/STM32H7xx_HAL_Driver/Src/stm32h7xx_ll_gpio.o
 .ARM.attributes
                0x00000000000003f5       0x32 ./Drivers/STM32H7xx_HAL_Driver/Src/stm32h7xx_ll_rcc.o
 .ARM.attributes
                0x0000000000000427       0x32 ./Drivers/STM32H7xx_HAL_Driver/Src/stm32h7xx_ll_usb.o
 .ARM.attributes
                0x0000000000000459       0x32 ./Drivers/STM32H7xx_HAL_Driver/Src/stm32h7xx_ll_utils.o
 .ARM.attributes
                0x000000000000048b       0x32 ./Library/ARMCM7_STM32H7/GCC/cpu_comp.o
 .ARM.attributes
                0x00000000000004bd       0x32 ./Library/ARMCM7_STM32H7/cpu.o
 .ARM.attributes
                0x00000000000004ef       0x32 ./Library/ARMCM7_STM32H7/flash.o
 .ARM.attributes
                0x0000000000000521       0x32 ./Library/ARMCM7_STM32H7/nvm.o
 .ARM.attributes
                0x0000000000000553       0x32 ./Library/ARMCM7_STM32H7/timer.o
 .ARM.attributes
                0x0000000000000585       0x32 ./Library/ARMCM7_STM32H7/usb.o
 .ARM.attributes
                0x00000000000005b7       0x32 ./Library/STM32_USB_Device_Library/Core/Src/usbd_core.o
 .ARM.attributes
                0x00000000000005e9       0x32 ./Library/STM32_USB_Device_Library/Core/Src/usbd_ctlreq.o
 .ARM.attributes
                0x000000000000061b       0x32 ./Library/STM32_USB_Device_Library/Core/Src/usbd_ioreq.o
 .ARM.attributes
                0x000000000000064d       0x32 ./Library/asserts.o
 .ARM.attributes
                0x000000000000067f       0x32 ./Library/backdoor.o
 .ARM.attributes
                0x00000000000006b1       0x32 ./Library/boot.o
 .ARM.attributes
                0x00000000000006e3       0x32 ./Library/com.o
 .ARM.attributes
                0x0000000000000715       0x32 ./Library/cop.o
 .ARM.attributes
                0x0000000000000747       0x32 ./Library/xcp.o
 .ARM.attributes
                0x0000000000000779       0x32 ./USB_DEVICE/App/usbd_bulk.o
 .ARM.attributes
                0x00000000000007ab       0x32 ./USB_DEVICE/App/usbd_desc.o
 .ARM.attributes
                0x00000000000007dd       0x32 ./USB_DEVICE/Target/usbd_conf.o
 .ARM.attributes
                0x000000000000080f       0x32 s:/st/stm32cubeide_1.9.0/stm32cubeide/plugins/com.st.stm32cube.ide.mcu.externaltools.gnu-tools-for-stm32.10.3-2021.10.win32_1.0.0.202111181127/tools/bin/../lib/gcc/arm-none-eabi/10.3.1/../../../../arm-none-eabi/lib/thumb/v7e-m+dp/hard\libc_nano.a(lib_a-init.o)
 .ARM.attributes
                0x0000000000000841       0x32 s:/st/stm32cubeide_1.9.0/stm32cubeide/plugins/com.st.stm32cube.ide.mcu.externaltools.gnu-tools-for-stm32.10.3-2021.10.win32_1.0.0.202111181127/tools/bin/../lib/gcc/arm-none-eabi/10.3.1/../../../../arm-none-eabi/lib/thumb/v7e-m+dp/hard\libc_nano.a(lib_a-memset.o)
 .ARM.attributes
                0x0000000000000873       0x1e s:/st/stm32cubeide_1.9.0/stm32cubeide/plugins/com.st.stm32cube.ide.mcu.externaltools.gnu-tools-for-stm32.10.3-2021.10.win32_1.0.0.202111181127/tools/bin/../lib/gcc/arm-none-eabi/10.3.1/thumb/v7e-m+dp/hard/crtn.o
OUTPUT(openblt_stm32h743.elf elf32-littlearm)
LOAD linker stubs
LOAD s:/st/stm32cubeide_1.9.0/stm32cubeide/plugins/com.st.stm32cube.ide.mcu.externaltools.gnu-tools-for-stm32.10.3-2021.10.win32_1.0.0.202111181127/tools/bin/../lib/gcc/arm-none-eabi/10.3.1/../../../../arm-none-eabi/lib/thumb/v7e-m+dp/hard\libc.a
LOAD s:/st/stm32cubeide_1.9.0/stm32cubeide/plugins/com.st.stm32cube.ide.mcu.externaltools.gnu-tools-for-stm32.10.3-2021.10.win32_1.0.0.202111181127/tools/bin/../lib/gcc/arm-none-eabi/10.3.1/../../../../arm-none-eabi/lib/thumb/v7e-m+dp/hard\libm.a
LOAD s:/st/stm32cubeide_1.9.0/stm32cubeide/plugins/com.st.stm32cube.ide.mcu.externaltools.gnu-tools-for-stm32.10.3-2021.10.win32_1.0.0.202111181127/tools/bin/../lib/gcc/arm-none-eabi/10.3.1/thumb/v7e-m+dp/hard\libgcc.a

.debug_info     0x0000000000000000    0x1f1fd
 .debug_info    0x0000000000000000       0xaa ./App/app.o
 .debug_info    0x00000000000000aa      0x29d ./App/hooks.o
 .debug_info    0x0000000000000347      0x2f9 ./App/led.o
 .debug_info    0x0000000000000640     0x21c5 ./Core/Src/main.o
 .debug_info    0x0000000000002805     0x11a6 ./Core/Src/stm32h7xx_hal_msp.o
 .debug_info    0x00000000000039ab      0x170 ./Core/Src/stm32h7xx_it.o
 .debug_info    0x0000000000003b1b       0x22 ./Core/Startup/startup_stm32h7b3lihxq.o
 .debug_info    0x0000000000003b3d      0xcb3 ./Drivers/CMSIS/Device/ST/STM32H7xx/Source/Templates/system_stm32h7xx.o
 .debug_info    0x00000000000047f0     0x15e5 ./Drivers/STM32H7xx_HAL_Driver/Src/stm32h7xx_hal.o
 .debug_info    0x0000000000005dd5     0x13ce ./Drivers/STM32H7xx_HAL_Driver/Src/stm32h7xx_hal_cortex.o
 .debug_info    0x00000000000071a3      0xb81 ./Drivers/STM32H7xx_HAL_Driver/Src/stm32h7xx_hal_flash.o
 .debug_info    0x0000000000007d24     0x1414 ./Drivers/STM32H7xx_HAL_Driver/Src/stm32h7xx_hal_flash_ex.o
 .debug_info    0x0000000000009138      0xc21 ./Drivers/STM32H7xx_HAL_Driver/Src/stm32h7xx_hal_gpio.o
 .debug_info    0x0000000000009d59     0x1ced ./Drivers/STM32H7xx_HAL_Driver/Src/stm32h7xx_hal_pcd.o
 .debug_info    0x000000000000ba46      0xa17 ./Drivers/STM32H7xx_HAL_Driver/Src/stm32h7xx_hal_pcd_ex.o
 .debug_info    0x000000000000c45d     0x1148 ./Drivers/STM32H7xx_HAL_Driver/Src/stm32h7xx_hal_pwr_ex.o
 .debug_info    0x000000000000d5a5     0x12ad ./Drivers/STM32H7xx_HAL_Driver/Src/stm32h7xx_hal_rcc.o
 .debug_info    0x000000000000e852      0xab2 ./Drivers/STM32H7xx_HAL_Driver/Src/stm32h7xx_ll_exti.o
 .debug_info    0x000000000000f304      0xb49 ./Drivers/STM32H7xx_HAL_Driver/Src/stm32h7xx_ll_gpio.o
 .debug_info    0x000000000000fe4d     0x286a ./Drivers/STM32H7xx_HAL_Driver/Src/stm32h7xx_ll_rcc.o
 .debug_info    0x00000000000126b7     0x2089 ./Drivers/STM32H7xx_HAL_Driver/Src/stm32h7xx_ll_usb.o
 .debug_info    0x0000000000014740     0x1747 ./Drivers/STM32H7xx_HAL_Driver/Src/stm32h7xx_ll_utils.o
 .debug_info    0x0000000000015e87       0x82 ./Library/ARMCM7_STM32H7/GCC/cpu_comp.o
 .debug_info    0x0000000000015f09      0x6ad ./Library/ARMCM7_STM32H7/cpu.o
 .debug_info    0x00000000000165b6      0xbab ./Library/ARMCM7_STM32H7/flash.o
 .debug_info    0x0000000000017161      0x291 ./Library/ARMCM7_STM32H7/nvm.o
 .debug_info    0x00000000000173f2      0x1ae ./Library/ARMCM7_STM32H7/timer.o
 .debug_info    0x00000000000175a0     0x15b4 ./Library/ARMCM7_STM32H7/usb.o
 .debug_info    0x0000000000018b54      0xeee ./Library/STM32_USB_Device_Library/Core/Src/usbd_core.o
 .debug_info    0x0000000000019a42      0xfc8 ./Library/STM32_USB_Device_Library/Core/Src/usbd_ctlreq.o
 .debug_info    0x000000000001aa0a      0x8a9 ./Library/STM32_USB_Device_Library/Core/Src/usbd_ioreq.o
 .debug_info    0x000000000001b2b3       0xcc ./Library/asserts.o
 .debug_info    0x000000000001b37f      0x1b6 ./Library/backdoor.o
 .debug_info    0x000000000001b535      0x132 ./Library/boot.o
 .debug_info    0x000000000001b667      0x2ef ./Library/com.o
 .debug_info    0x000000000001b956       0xaa ./Library/cop.o
 .debug_info    0x000000000001ba00      0xafc ./Library/xcp.o
 .debug_info    0x000000000001c4fc      0xa2a ./USB_DEVICE/App/usbd_bulk.o
 .debug_info    0x000000000001cf26      0x677 ./USB_DEVICE/App/usbd_desc.o
 .debug_info    0x000000000001d59d     0x1c60 ./USB_DEVICE/Target/usbd_conf.o

.debug_abbrev   0x0000000000000000     0x5e91
 .debug_abbrev  0x0000000000000000       0x81 ./App/app.o
 .debug_abbrev  0x0000000000000081      0x1c2 ./App/hooks.o
 .debug_abbrev  0x0000000000000243      0x18e ./App/led.o
 .debug_abbrev  0x00000000000003d1      0x401 ./Core/Src/main.o
 .debug_abbrev  0x00000000000007d2      0x2de ./Core/Src/stm32h7xx_hal_msp.o
 .debug_abbrev  0x0000000000000ab0       0xee ./Core/Src/stm32h7xx_it.o
 .debug_abbrev  0x0000000000000b9e       0x12 ./Core/Startup/startup_stm32h7b3lihxq.o
 .debug_abbrev  0x0000000000000bb0      0x14a ./Drivers/CMSIS/Device/ST/STM32H7xx/Source/Templates/system_stm32h7xx.o
 .debug_abbrev  0x0000000000000cfa      0x30d ./Drivers/STM32H7xx_HAL_Driver/Src/stm32h7xx_hal.o
 .debug_abbrev  0x0000000000001007      0x382 ./Drivers/STM32H7xx_HAL_Driver/Src/stm32h7xx_hal_cortex.o
 .debug_abbrev  0x0000000000001389      0x352 ./Drivers/STM32H7xx_HAL_Driver/Src/stm32h7xx_hal_flash.o
 .debug_abbrev  0x00000000000016db      0x35d ./Drivers/STM32H7xx_HAL_Driver/Src/stm32h7xx_hal_flash_ex.o
 .debug_abbrev  0x0000000000001a38      0x237 ./Drivers/STM32H7xx_HAL_Driver/Src/stm32h7xx_hal_gpio.o
 .debug_abbrev  0x0000000000001c6f      0x3b0 ./Drivers/STM32H7xx_HAL_Driver/Src/stm32h7xx_hal_pcd.o
 .debug_abbrev  0x000000000000201f      0x2ac ./Drivers/STM32H7xx_HAL_Driver/Src/stm32h7xx_hal_pcd_ex.o
 .debug_abbrev  0x00000000000022cb      0x2ed ./Drivers/STM32H7xx_HAL_Driver/Src/stm32h7xx_hal_pwr_ex.o
 .debug_abbrev  0x00000000000025b8      0x30e ./Drivers/STM32H7xx_HAL_Driver/Src/stm32h7xx_hal_rcc.o
 .debug_abbrev  0x00000000000028c6      0x21e ./Drivers/STM32H7xx_HAL_Driver/Src/stm32h7xx_ll_exti.o
 .debug_abbrev  0x0000000000002ae4      0x2dd ./Drivers/STM32H7xx_HAL_Driver/Src/stm32h7xx_ll_gpio.o
 .debug_abbrev  0x0000000000002dc1      0x373 ./Drivers/STM32H7xx_HAL_Driver/Src/stm32h7xx_ll_rcc.o
 .debug_abbrev  0x0000000000003134      0x3aa ./Drivers/STM32H7xx_HAL_Driver/Src/stm32h7xx_ll_usb.o
 .debug_abbrev  0x00000000000034de      0x39e ./Drivers/STM32H7xx_HAL_Driver/Src/stm32h7xx_ll_utils.o
 .debug_abbrev  0x000000000000387c       0x44 ./Library/ARMCM7_STM32H7/GCC/cpu_comp.o
 .debug_abbrev  0x00000000000038c0      0x1cb ./Library/ARMCM7_STM32H7/cpu.o
 .debug_abbrev  0x0000000000003a8b      0x33e ./Library/ARMCM7_STM32H7/flash.o
 .debug_abbrev  0x0000000000003dc9      0x137 ./Library/ARMCM7_STM32H7/nvm.o
 .debug_abbrev  0x0000000000003f00      0x14c ./Library/ARMCM7_STM32H7/timer.o
 .debug_abbrev  0x000000000000404c      0x42b ./Library/ARMCM7_STM32H7/usb.o
 .debug_abbrev  0x0000000000004477      0x355 ./Library/STM32_USB_Device_Library/Core/Src/usbd_core.o
 .debug_abbrev  0x00000000000047cc      0x3cc ./Library/STM32_USB_Device_Library/Core/Src/usbd_ctlreq.o
 .debug_abbrev  0x0000000000004b98      0x1cb ./Library/STM32_USB_Device_Library/Core/Src/usbd_ioreq.o
 .debug_abbrev  0x0000000000004d63       0x90 ./Library/asserts.o
 .debug_abbrev  0x0000000000004df3      0x135 ./Library/backdoor.o
 .debug_abbrev  0x0000000000004f28       0x8c ./Library/boot.o
 .debug_abbrev  0x0000000000004fb4      0x1ff ./Library/com.o
 .debug_abbrev  0x00000000000051b3       0x81 ./Library/cop.o
 .debug_abbrev  0x0000000000005234      0x353 ./Library/xcp.o
 .debug_abbrev  0x0000000000005587      0x33f ./USB_DEVICE/App/usbd_bulk.o
 .debug_abbrev  0x00000000000058c6      0x2c7 ./USB_DEVICE/App/usbd_desc.o
 .debug_abbrev  0x0000000000005b8d      0x304 ./USB_DEVICE/Target/usbd_conf.o

.debug_aranges  0x0000000000000000     0x11d0
 .debug_aranges
                0x0000000000000000       0x28 ./App/app.o
 .debug_aranges
                0x0000000000000028       0x40 ./App/hooks.o
 .debug_aranges
                0x0000000000000068       0x30 ./App/led.o
 .debug_aranges
                0x0000000000000098       0x40 ./Core/Src/main.o
 .debug_aranges
                0x00000000000000d8       0x38 ./Core/Src/stm32h7xx_hal_msp.o
 .debug_aranges
                0x0000000000000110       0x48 ./Core/Src/stm32h7xx_it.o
 .debug_aranges
                0x0000000000000158       0x28 ./Core/Startup/startup_stm32h7b3lihxq.o
 .debug_aranges
                0x0000000000000180       0x28 ./Drivers/CMSIS/Device/ST/STM32H7xx/Source/Templates/system_stm32h7xx.o
 .debug_aranges
                0x00000000000001a8      0x198 ./Drivers/STM32H7xx_HAL_Driver/Src/stm32h7xx_hal.o
 .debug_aranges
                0x0000000000000340       0xb0 ./Drivers/STM32H7xx_HAL_Driver/Src/stm32h7xx_hal_cortex.o
 .debug_aranges
                0x00000000000003f0       0x80 ./Drivers/STM32H7xx_HAL_Driver/Src/stm32h7xx_hal_flash.o
 .debug_aranges
                0x0000000000000470       0x70 ./Drivers/STM32H7xx_HAL_Driver/Src/stm32h7xx_hal_flash_ex.o
 .debug_aranges
                0x00000000000004e0       0x58 ./Drivers/STM32H7xx_HAL_Driver/Src/stm32h7xx_hal_gpio.o
 .debug_aranges
                0x0000000000000538       0xd0 ./Drivers/STM32H7xx_HAL_Driver/Src/stm32h7xx_hal_pcd.o
 .debug_aranges
                0x0000000000000608       0x58 ./Drivers/STM32H7xx_HAL_Driver/Src/stm32h7xx_hal_pcd_ex.o
 .debug_aranges
                0x0000000000000660      0x158 ./Drivers/STM32H7xx_HAL_Driver/Src/stm32h7xx_hal_pwr_ex.o
 .debug_aranges
                0x00000000000007b8       0x88 ./Drivers/STM32H7xx_HAL_Driver/Src/stm32h7xx_hal_rcc.o
 .debug_aranges
                0x0000000000000840       0x30 ./Drivers/STM32H7xx_HAL_Driver/Src/stm32h7xx_ll_exti.o
 .debug_aranges
                0x0000000000000870       0x40 ./Drivers/STM32H7xx_HAL_Driver/Src/stm32h7xx_ll_gpio.o
 .debug_aranges
                0x00000000000008b0      0x148 ./Drivers/STM32H7xx_HAL_Driver/Src/stm32h7xx_ll_rcc.o
 .debug_aranges
                0x00000000000009f8      0x1a0 ./Drivers/STM32H7xx_HAL_Driver/Src/stm32h7xx_ll_usb.o
 .debug_aranges
                0x0000000000000b98       0x58 ./Drivers/STM32H7xx_HAL_Driver/Src/stm32h7xx_ll_utils.o
 .debug_aranges
                0x0000000000000bf0       0x28 ./Library/ARMCM7_STM32H7/GCC/cpu_comp.o
 .debug_aranges
                0x0000000000000c18       0x38 ./Library/ARMCM7_STM32H7/cpu.o
 .debug_aranges
                0x0000000000000c50       0x70 ./Library/ARMCM7_STM32H7/flash.o
 .debug_aranges
                0x0000000000000cc0       0x50 ./Library/ARMCM7_STM32H7/nvm.o
 .debug_aranges
                0x0000000000000d10       0x38 ./Library/ARMCM7_STM32H7/timer.o
 .debug_aranges
                0x0000000000000d48       0x58 ./Library/ARMCM7_STM32H7/usb.o
 .debug_aranges
                0x0000000000000da0       0xa8 ./Library/STM32_USB_Device_Library/Core/Src/usbd_core.o
 .debug_aranges
                0x0000000000000e48       0x50 ./Library/STM32_USB_Device_Library/Core/Src/usbd_ctlreq.o
 .debug_aranges
                0x0000000000000e98       0x50 ./Library/STM32_USB_Device_Library/Core/Src/usbd_ioreq.o
 .debug_aranges
                0x0000000000000ee8       0x20 ./Library/asserts.o
 .debug_aranges
                0x0000000000000f08       0x40 ./Library/backdoor.o
 .debug_aranges
                0x0000000000000f48       0x28 ./Library/boot.o
 .debug_aranges
                0x0000000000000f70       0x48 ./Library/com.o
 .debug_aranges
                0x0000000000000fb8       0x28 ./Library/cop.o
 .debug_aranges
                0x0000000000000fe0       0x48 ./Library/xcp.o
 .debug_aranges
                0x0000000000001028       0x60 ./USB_DEVICE/App/usbd_bulk.o
 .debug_aranges
                0x0000000000001088       0x58 ./USB_DEVICE/App/usbd_desc.o
 .debug_aranges
                0x00000000000010e0       0xf0 ./USB_DEVICE/Target/usbd_conf.o

.debug_ranges   0x0000000000000000     0x2030
 .debug_ranges  0x0000000000000000       0x18 ./App/app.o
 .debug_ranges  0x0000000000000018       0x48 ./App/hooks.o
 .debug_ranges  0x0000000000000060       0x38 ./App/led.o
 .debug_ranges  0x0000000000000098      0x1b8 ./Core/Src/main.o
 .debug_ranges  0x0000000000000250       0xa8 ./Core/Src/stm32h7xx_hal_msp.o
 .debug_ranges  0x00000000000002f8       0x38 ./Core/Src/stm32h7xx_it.o
 .debug_ranges  0x0000000000000330       0x20 ./Core/Startup/startup_stm32h7b3lihxq.o
 .debug_ranges  0x0000000000000350       0x18 ./Drivers/CMSIS/Device/ST/STM32H7xx/Source/Templates/system_stm32h7xx.o
 .debug_ranges  0x0000000000000368      0x188 ./Drivers/STM32H7xx_HAL_Driver/Src/stm32h7xx_hal.o
 .debug_ranges  0x00000000000004f0      0x160 ./Drivers/STM32H7xx_HAL_Driver/Src/stm32h7xx_hal_cortex.o
 .debug_ranges  0x0000000000000650       0x70 ./Drivers/STM32H7xx_HAL_Driver/Src/stm32h7xx_hal_flash.o
 .debug_ranges  0x00000000000006c0      0x198 ./Drivers/STM32H7xx_HAL_Driver/Src/stm32h7xx_hal_flash_ex.o
 .debug_ranges  0x0000000000000858       0x70 ./Drivers/STM32H7xx_HAL_Driver/Src/stm32h7xx_hal_gpio.o
 .debug_ranges  0x00000000000008c8       0xf8 ./Drivers/STM32H7xx_HAL_Driver/Src/stm32h7xx_hal_pcd.o
 .debug_ranges  0x00000000000009c0       0x48 ./Drivers/STM32H7xx_HAL_Driver/Src/stm32h7xx_hal_pcd_ex.o
 .debug_ranges  0x0000000000000a08      0x178 ./Drivers/STM32H7xx_HAL_Driver/Src/stm32h7xx_hal_pwr_ex.o
 .debug_ranges  0x0000000000000b80       0xe8 ./Drivers/STM32H7xx_HAL_Driver/Src/stm32h7xx_hal_rcc.o
 .debug_ranges  0x0000000000000c68      0x140 ./Drivers/STM32H7xx_HAL_Driver/Src/stm32h7xx_ll_exti.o
 .debug_ranges  0x0000000000000da8       0xa0 ./Drivers/STM32H7xx_HAL_Driver/Src/stm32h7xx_ll_gpio.o
 .debug_ranges  0x0000000000000e48      0x678 ./Drivers/STM32H7xx_HAL_Driver/Src/stm32h7xx_ll_rcc.o
 .debug_ranges  0x00000000000014c0      0x1b0 ./Drivers/STM32H7xx_HAL_Driver/Src/stm32h7xx_ll_usb.o
 .debug_ranges  0x0000000000001670      0x188 ./Drivers/STM32H7xx_HAL_Driver/Src/stm32h7xx_ll_utils.o
 .debug_ranges  0x00000000000017f8       0x18 ./Library/ARMCM7_STM32H7/GCC/cpu_comp.o
 .debug_ranges  0x0000000000001810       0x28 ./Library/ARMCM7_STM32H7/cpu.o
 .debug_ranges  0x0000000000001838       0x90 ./Library/ARMCM7_STM32H7/flash.o
 .debug_ranges  0x00000000000018c8       0x40 ./Library/ARMCM7_STM32H7/nvm.o
 .debug_ranges  0x0000000000001908       0x28 ./Library/ARMCM7_STM32H7/timer.o
 .debug_ranges  0x0000000000001930      0x110 ./Library/ARMCM7_STM32H7/usb.o
 .debug_ranges  0x0000000000001a40       0x98 ./Library/STM32_USB_Device_Library/Core/Src/usbd_core.o
 .debug_ranges  0x0000000000001ad8       0xf8 ./Library/STM32_USB_Device_Library/Core/Src/usbd_ctlreq.o
 .debug_ranges  0x0000000000001bd0       0x40 ./Library/STM32_USB_Device_Library/Core/Src/usbd_ioreq.o