../Drivers/STM32H7xx_HAL_Driver/Src/stm32h7xx_ll_rcc.c:1721:17:RCC_GetHCLKClockFreq	0	static
../Drivers/STM32H7xx_HAL_Driver/Src/stm32h7xx_ll_rcc.c:1732:17:RCC_GetPCLK1ClockFreq	0	static
../Drivers/STM32H7xx_HAL_Driver/Src/stm32h7xx_ll_rcc.c:1743:17:RCC_GetPCLK2ClockFreq	0	static
../Drivers/STM32H7xx_HAL_Driver/Src/stm32h7xx_ll_rcc.c:1754:17:RCC_GetPCLK3ClockFreq	0	static
../Drivers/STM32H7xx_HAL_Driver/Src/stm32h7xx_ll_rcc.c:1765:17:RCC_GetPCLK4ClockFreq	0	static
../Drivers/STM32H7xx_HAL_Driver/Src/stm32h7xx_ll_rcc.c:118:6:LL_RCC_DeInit	0	static
../Drivers/STM32H7xx_HAL_Driver/Src/stm32h7xx_ll_rcc.c:513:10:LL_RCC_CalcPLLClockFreq	0	static
../Drivers/STM32H7xx_HAL_Driver/Src/stm32h7xx_ll_rcc.c:284:6:LL_RCC_GetPLL1ClockFreq	32	static
../Drivers/STM32H7xx_HAL_Driver/Src/stm32h7xx_ll_rcc.c:1682:17:RCC_GetSystemClockFreq	24	static
../Drivers/STM32H7xx_HAL_Driver/Src/stm32h7xx_ll_rcc.c:258:6:LL_RCC_GetSystemClocksFreq	8	static
../Drivers/STM32H7xx_HAL_Driver/Src/stm32h7xx_ll_rcc.c:358:6:LL_RCC_GetPLL2ClockFreq	32	static
../Drivers/STM32H7xx_HAL_Driver/Src/stm32h7xx_ll_rcc.c:432:6:LL_RCC_GetPLL3ClockFreq	32	static
../Drivers/STM32H7xx_HAL_Driver/Src/stm32h7xx_ll_rcc.c:532:10:LL_RCC_GetUSARTClockFreq	24	static
../Drivers/STM32H7xx_HAL_Driver/Src/stm32h7xx_ll_rcc.c:607:10:LL_RCC_GetLPUARTClockFreq	24	static
../Drivers/STM32H7xx_HAL_Driver/Src/stm32h7xx_ll_rcc.c:671:10:LL_RCC_GetI2CClockFreq	24	static
../Drivers/STM32H7xx_HAL_Driver/Src/stm32h7xx_ll_rcc.c:970:10:LL_RCC_GetSDMMCClockFreq	24	static
../Drivers/STM32H7xx_HAL_Driver/Src/stm32h7xx_ll_rcc.c:1008:10:LL_RCC_GetRNGClockFreq	24	static
../Drivers/STM32H7xx_HAL_Driver/Src/stm32h7xx_ll_rcc.c:1059:10:LL_RCC_GetCECClockFreq	0	static
../Drivers/STM32H7xx_HAL_Driver/Src/stm32h7xx_ll_rcc.c:1101:10:LL_RCC_GetUSBClockFreq	24	static
../Drivers/STM32H7xx_HAL_Driver/Src/stm32h7xx_ll_rcc.c:1147:10:LL_RCC_GetDFSDMClockFreq	8	static
../Drivers/STM32H7xx_HAL_Driver/Src/stm32h7xx_ll_rcc.c:1177:10:LL_RCC_GetDFSDM2ClockFreq	8	static
../Drivers/STM32H7xx_HAL_Driver/Src/stm32h7xx_ll_rcc.c:1246:10:LL_RCC_GetSPDIFClockFreq	24	static
../Drivers/STM32H7xx_HAL_Driver/Src/stm32h7xx_ll_rcc.c:1411:10:LL_RCC_GetSWPClockFreq	8	static
../Drivers/STM32H7xx_HAL_Driver/Src/stm32h7xx_ll_rcc.c:1443:10:LL_RCC_GetFDCANClockFreq	24	static
../Drivers/STM32H7xx_HAL_Driver/Src/stm32h7xx_ll_rcc.c:1631:10:LL_RCC_GetCLKPClockFreq	0	static
../Drivers/STM32H7xx_HAL_Driver/Src/stm32h7xx_ll_rcc.c:731:10:LL_RCC_GetLPTIMClockFreq	24	static
../Drivers/STM32H7xx_HAL_Driver/Src/stm32h7xx_ll_rcc.c:816:10:LL_RCC_GetSAIClockFreq	24	static
../Drivers/STM32H7xx_HAL_Driver/Src/stm32h7xx_ll_rcc.c:928:10:LL_RCC_GetADCClockFreq	24	static
../Drivers/STM32H7xx_HAL_Driver/Src/stm32h7xx_ll_rcc.c:1301:10:LL_RCC_GetSPIClockFreq	24	static
../Drivers/STM32H7xx_HAL_Driver/Src/stm32h7xx_ll_rcc.c:1488:10:LL_RCC_GetFMCClockFreq	24	static
../Drivers/STM32H7xx_HAL_Driver/Src/stm32h7xx_ll_rcc.c:1584:10:LL_RCC_GetOSPIClockFreq	24	static
