Archive member included to satisfy reference by file (symbol)

s:/st/stm32cubeide_1.9.0/stm32cubeide/plugins/com.st.stm32cube.ide.mcu.externaltools.gnu-tools-for-stm32.10.3-2021.10.win32_1.0.0.202111181127/tools/bin/../lib/gcc/arm-none-eabi/10.3.1/../../../../arm-none-eabi/lib/thumb/v7e-m+dp/hard\libc.a(lib_a-errno.o)
                              ./Core/Src/syscalls.o (__errno)
s:/st/stm32cubeide_1.9.0/stm32cubeide/plugins/com.st.stm32cube.ide.mcu.externaltools.gnu-tools-for-stm32.10.3-2021.10.win32_1.0.0.202111181127/tools/bin/../lib/gcc/arm-none-eabi/10.3.1/../../../../arm-none-eabi/lib/thumb/v7e-m+dp/hard\libc.a(lib_a-exit.o)
                              s:/st/stm32cubeide_1.9.0/stm32cubeide/plugins/com.st.stm32cube.ide.mcu.externaltools.gnu-tools-for-stm32.10.3-2021.10.win32_1.0.0.202111181127/tools/bin/../lib/gcc/arm-none-eabi/10.3.1/../../../../arm-none-eabi/lib/thumb/v7e-m+dp/hard/crt0.o (exit)
s:/st/stm32cubeide_1.9.0/stm32cubeide/plugins/com.st.stm32cube.ide.mcu.externaltools.gnu-tools-for-stm32.10.3-2021.10.win32_1.0.0.202111181127/tools/bin/../lib/gcc/arm-none-eabi/10.3.1/../../../../arm-none-eabi/lib/thumb/v7e-m+dp/hard\libc.a(lib_a-impure.o)
                              s:/st/stm32cubeide_1.9.0/stm32cubeide/plugins/com.st.stm32cube.ide.mcu.externaltools.gnu-tools-for-stm32.10.3-2021.10.win32_1.0.0.202111181127/tools/bin/../lib/gcc/arm-none-eabi/10.3.1/../../../../arm-none-eabi/lib/thumb/v7e-m+dp/hard\libc.a(lib_a-exit.o) (_global_impure_ptr)
s:/st/stm32cubeide_1.9.0/stm32cubeide/plugins/com.st.stm32cube.ide.mcu.externaltools.gnu-tools-for-stm32.10.3-2021.10.win32_1.0.0.202111181127/tools/bin/../lib/gcc/arm-none-eabi/10.3.1/../../../../arm-none-eabi/lib/thumb/v7e-m+dp/hard\libc.a(lib_a-init.o)
                              s:/st/stm32cubeide_1.9.0/stm32cubeide/plugins/com.st.stm32cube.ide.mcu.externaltools.gnu-tools-for-stm32.10.3-2021.10.win32_1.0.0.202111181127/tools/bin/../lib/gcc/arm-none-eabi/10.3.1/../../../../arm-none-eabi/lib/thumb/v7e-m+dp/hard/crt0.o (__libc_init_array)
s:/st/stm32cubeide_1.9.0/stm32cubeide/plugins/com.st.stm32cube.ide.mcu.externaltools.gnu-tools-for-stm32.10.3-2021.10.win32_1.0.0.202111181127/tools/bin/../lib/gcc/arm-none-eabi/10.3.1/../../../../arm-none-eabi/lib/thumb/v7e-m+dp/hard\libc.a(lib_a-memset.o)
                              s:/st/stm32cubeide_1.9.0/stm32cubeide/plugins/com.st.stm32cube.ide.mcu.externaltools.gnu-tools-for-stm32.10.3-2021.10.win32_1.0.0.202111181127/tools/bin/../lib/gcc/arm-none-eabi/10.3.1/../../../../arm-none-eabi/lib/thumb/v7e-m+dp/hard/crt0.o (memset)
s:/st/stm32cubeide_1.9.0/stm32cubeide/plugins/com.st.stm32cube.ide.mcu.externaltools.gnu-tools-for-stm32.10.3-2021.10.win32_1.0.0.202111181127/tools/bin/../lib/gcc/arm-none-eabi/10.3.1/../../../../arm-none-eabi/lib/thumb/v7e-m+dp/hard\libc.a(lib_a-__call_atexit.o)
                              s:/st/stm32cubeide_1.9.0/stm32cubeide/plugins/com.st.stm32cube.ide.mcu.externaltools.gnu-tools-for-stm32.10.3-2021.10.win32_1.0.0.202111181127/tools/bin/../lib/gcc/arm-none-eabi/10.3.1/../../../../arm-none-eabi/lib/thumb/v7e-m+dp/hard\libc.a(lib_a-exit.o) (__call_exitprocs)
s:/st/stm32cubeide_1.9.0/stm32cubeide/plugins/com.st.stm32cube.ide.mcu.externaltools.gnu-tools-for-stm32.10.3-2021.10.win32_1.0.0.202111181127/tools/bin/../lib/gcc/arm-none-eabi/10.3.1/../../../../arm-none-eabi/lib/thumb/v7e-m+dp/hard\libc.a(lib_a-atexit.o)
                              s:/st/stm32cubeide_1.9.0/stm32cubeide/plugins/com.st.stm32cube.ide.mcu.externaltools.gnu-tools-for-stm32.10.3-2021.10.win32_1.0.0.202111181127/tools/bin/../lib/gcc/arm-none-eabi/10.3.1/../../../../arm-none-eabi/lib/thumb/v7e-m+dp/hard\libc.a(lib_a-__call_atexit.o) (atexit)
s:/st/stm32cubeide_1.9.0/stm32cubeide/plugins/com.st.stm32cube.ide.mcu.externaltools.gnu-tools-for-stm32.10.3-2021.10.win32_1.0.0.202111181127/tools/bin/../lib/gcc/arm-none-eabi/10.3.1/../../../../arm-none-eabi/lib/thumb/v7e-m+dp/hard\libc.a(lib_a-fini.o)
                              s:/st/stm32cubeide_1.9.0/stm32cubeide/plugins/com.st.stm32cube.ide.mcu.externaltools.gnu-tools-for-stm32.10.3-2021.10.win32_1.0.0.202111181127/tools/bin/../lib/gcc/arm-none-eabi/10.3.1/../../../../arm-none-eabi/lib/thumb/v7e-m+dp/hard\libc.a(lib_a-__call_atexit.o) (__libc_fini_array)
s:/st/stm32cubeide_1.9.0/stm32cubeide/plugins/com.st.stm32cube.ide.mcu.externaltools.gnu-tools-for-stm32.10.3-2021.10.win32_1.0.0.202111181127/tools/bin/../lib/gcc/arm-none-eabi/10.3.1/../../../../arm-none-eabi/lib/thumb/v7e-m+dp/hard\libc.a(lib_a-lock.o)
                              s:/st/stm32cubeide_1.9.0/stm32cubeide/plugins/com.st.stm32cube.ide.mcu.externaltools.gnu-tools-for-stm32.10.3-2021.10.win32_1.0.0.202111181127/tools/bin/../lib/gcc/arm-none-eabi/10.3.1/../../../../arm-none-eabi/lib/thumb/v7e-m+dp/hard\libc.a(lib_a-__call_atexit.o) (__retarget_lock_acquire_recursive)
[...]
Memory Configuration

Name             Origin             Length             Attributes
ITCMRAM          0x0000000000000000 0x0000000000010000 xrw
FLASH            0x0000000008010000 0x00000000001f0000 xr
DATA             0x0000000008180000 0x0000000000080000 xrw
DTCMRAM1         0x0000000020000000 0x0000000000010000 xrw
DTCMRAM2         0x0000000020010000 0x0000000000010000 xrw
RAM              0x0000000024000000 0x0000000000080000 xrw
RAM_NOCACHE      0x0000000024080000 0x0000000000080000 xrw
RAM_CD           0x0000000030000000 0x0000000000020000 xrw
RAM_SRD          0x0000000038000000 0x0000000000008000 xrw
*default*        0x0000000000000000 0xffffffffffffffff

Linker script and memory map

LOAD s:/st/stm32cubeide_1.9.0/stm32cubeide/plugins/com.st.stm32cube.ide.mcu.externaltools.gnu-tools-for-stm32.10.3-2021.10.win32_1.0.0.202111181127/tools/bin/../lib/gcc/arm-none-eabi/10.3.1/thumb/v7e-m+dp/hard/crti.o
LOAD s:/st/stm32cubeide_1.9.0/stm32cubeide/plugins/com.st.stm32cube.ide.mcu.externaltools.gnu-tools-for-stm32.10.3-2021.10.win32_1.0.0.202111181127/tools/bin/../lib/gcc/arm-none-eabi/10.3.1/thumb/v7e-m+dp/hard/crtbegin.o
LOAD s:/st/stm32cubeide_1.9.0/stm32cubeide/plugins/com.st.stm32cube.ide.mcu.externaltools.gnu-tools-for-stm32.10.3-2021.10.win32_1.0.0.202111181127/tools/bin/../lib/gcc/arm-none-eabi/10.3.1/../../../../arm-none-eabi/lib/thumb/v7e-m+dp/hard/crt0.o
LOAD ./App/app.o
LOAD ./App/boot.o
LOAD ./App/led.o
LOAD ./App/timer.o
LOAD ./Core/Src/main.o
LOAD ./Core/Src/stm32h7xx_hal_msp.o
LOAD ./Core/Src/stm32h7xx_it.o
LOAD ./Core/Src/syscalls.o
LOAD ./Core/Src/sysmem.o
LOAD ./Core/Src/system_stm32h7xx.o
LOAD ./Core/Startup/startup_stm32h7b3lihxq.o
LOAD ./Drivers/STM32H7xx_HAL_Driver/Src/stm32h7xx_hal.o
LOAD ./Drivers/STM32H7xx_HAL_Driver/Src/stm32h7xx_hal_cortex.o
LOAD ./Drivers/STM32H7xx_HAL_Driver/Src/stm32h7xx_hal_dma.o
LOAD ./Drivers/STM32H7xx_HAL_Driver/Src/stm32h7xx_hal_dma_ex.o
LOAD ./Drivers/STM32H7xx_HAL_Driver/Src/stm32h7xx_hal_exti.o
LOAD ./Drivers/STM32H7xx_HAL_Driver/Src/stm32h7xx_hal_flash.o
LOAD ./Drivers/STM32H7xx_HAL_Driver/Src/stm32h7xx_hal_flash_ex.o
LOAD ./Drivers/STM32H7xx_HAL_Driver/Src/stm32h7xx_hal_gpio.o
LOAD ./Drivers/STM32H7xx_HAL_Driver/Src/stm32h7xx_hal_hsem.o
LOAD ./Drivers/STM32H7xx_HAL_Driver/Src/stm32h7xx_hal_i2c.o
LOAD ./Drivers/STM32H7xx_HAL_Driver/Src/stm32h7xx_hal_i2c_ex.o
LOAD ./Drivers/STM32H7xx_HAL_Driver/Src/stm32h7xx_hal_mdma.o
LOAD ./Drivers/STM32H7xx_HAL_Driver/Src/stm32h7xx_hal_pcd.o
LOAD ./Drivers/STM32H7xx_HAL_Driver/Src/stm32h7xx_hal_pcd_ex.o
LOAD ./Drivers/STM32H7xx_HAL_Driver/Src/stm32h7xx_hal_pwr.o
LOAD ./Drivers/STM32H7xx_HAL_Driver/Src/stm32h7xx_hal_pwr_ex.o
LOAD ./Drivers/STM32H7xx_HAL_Driver/Src/stm32h7xx_hal_rcc.o
LOAD ./Drivers/STM32H7xx_HAL_Driver/Src/stm32h7xx_hal_rcc_ex.o
LOAD ./Drivers/STM32H7xx_HAL_Driver/Src/stm32h7xx_hal_tim.o
LOAD ./Drivers/STM32H7xx_HAL_Driver/Src/stm32h7xx_hal_tim_ex.o
LOAD ./Drivers/STM32H7xx_HAL_Driver/Src/stm32h7xx_ll_exti.o
LOAD ./Drivers/STM32H7xx_HAL_Driver/Src/stm32h7xx_ll_gpio.o
LOAD ./Drivers/STM32H7xx_HAL_Driver/Src/stm32h7xx_ll_rcc.o
LOAD ./Drivers/STM32H7xx_HAL_Driver/Src/stm32h7xx_ll_usb.o
LOAD ./Drivers/STM32H7xx_HAL_Driver/Src/stm32h7xx_ll_utils.o
START GROUP
LOAD s:/st/stm32cubeide_1.9.0/stm32cubeide/plugins/com.st.stm32cube.ide.mcu.externaltools.gnu-tools-for-stm32.10.3-2021.10.win32_1.0.0.202111181127/tools/bin/../lib/gcc/arm-none-eabi/10.3.1/../../../../arm-none-eabi/lib/thumb/v7e-m+dp/hard\libc.a
LOAD s:/st/stm32cubeide_1.9.0/stm32cubeide/plugins/com.st.stm32cube.ide.mcu.externaltools.gnu-tools-for-stm32.10.3-2021.10.win32_1.0.0.202111181127/tools/bin/../lib/gcc/arm-none-eabi/10.3.1/../../../../arm-none-eabi/lib/thumb/v7e-m+dp/hard\libm.a
END GROUP
START GROUP
LOAD s:/st/stm32cubeide_1.9.0/stm32cubeide/plugins/com.st.stm32cube.ide.mcu.externaltools.gnu-tools-for-stm32.10.3-2021.10.win32_1.0.0.202111181127/tools/bin/../lib/gcc/arm-none-eabi/10.3.1/thumb/v7e-m+dp/hard\libgcc.a
LOAD s:/st/stm32cubeide_1.9.0/stm32cubeide/plugins/com.st.stm32cube.ide.mcu.externaltools.gnu-tools-for-stm32.10.3-2021.10.win32_1.0.0.202111181127/tools/bin/../lib/gcc/arm-none-eabi/10.3.1/../../../../arm-none-eabi/lib/thumb/v7e-m+dp/hard\libc.a
END GROUP
START GROUP
LOAD s:/st/stm32cubeide_1.9.0/stm32cubeide/plugins/com.st.stm32cube.ide.mcu.externaltools.gnu-tools-for-stm32.10.3-2021.10.win32_1.0.0.202111181127/tools/bin/../lib/gcc/arm-none-eabi/10.3.1/thumb/v7e-m+dp/hard\libgcc.a
LOAD s:/st/stm32cubeide_1.9.0/stm32cubeide/plugins/com.st.stm32cube.ide.mcu.externaltools.gnu-tools-for-stm32.10.3-2021.10.win32_1.0.0.202111181127/tools/bin/../lib/gcc/arm-none-eabi/10.3.1/../../../../arm-none-eabi/lib/thumb/v7e-m+dp/hard\libc.a
LOAD s:/st/stm32cubeide_1.9.0/stm32cubeide/plugins/com.st.stm32cube.ide.mcu.externaltools.gnu-tools-for-stm32.10.3-2021.10.win32_1.0.0.202111181127/tools/bin/../lib/gcc/arm-none-eabi/10.3.1/../../../../arm-none-eabi/lib/thumb/v7e-m+dp/hard\libnosys.a
END GROUP
LOAD s:/st/stm32cubeide_1.9.0/stm32cubeide/plugins/com.st.stm32cube.ide.mcu.externaltools.gnu-tools-for-stm32.10.3-2021.10.win32_1.0.0.202111181127/tools/bin/../lib/gcc/arm-none-eabi/10.3.1/thumb/v7e-m+dp/hard/crtend.o
LOAD s:/st/stm32cubeide_1.9.0/stm32cubeide/plugins/com.st.stm32cube.ide.mcu.externaltools.gnu-tools-for-stm32.10.3-2021.10.win32_1.0.0.202111181127/tools/bin/../lib/gcc/arm-none-eabi/10.3.1/thumb/v7e-m+dp/hard/crtn.o
                0x0000000024080000                _estack = (ORIGIN (RAM) + LENGTH (RAM))
                0x0000000000000200                _Min_Heap_Size = 0x200
                0x0000000000001200                _Min_Stack_Size = 0x1200

.isr_vector     0x0000000008010000      0x2b0
                0x0000000008010000                . = ALIGN (0x4)
 *(.isr_vector)
 .isr_vector    0x0000000008010000      0x2b0 ./Core/Startup/startup_stm32h7b3lihxq.o
                0x0000000008010000                g_pfnVectors
                0x00000000080102b0                . = ALIGN (0x4)

.text           0x00000000080102b0     0x1a4c
                0x00000000080102b0                . = ALIGN (0x4)
 *(.text)
 .text          0x00000000080102b0       0x40 s:/st/stm32cubeide_1.9.0/stm32cubeide/plugins/com.st.stm32cube.ide.mcu.externaltools.gnu-tools-for-stm32.10.3-2021.10.win32_1.0.0.202111181127/tools/bin/../lib/gcc/arm-none-eabi/10.3.1/thumb/v7e-m+dp/hard/crtbegin.o
 *(.text*)
 .text.AppInit  0x00000000080102f0       0x10 ./App/app.o
                0x00000000080102f0                AppInit
 .text.AppTask  0x0000000008010300        0xc ./App/app.o
                0x0000000008010300                AppTask
 .text.BootComInit
                0x000000000801030c        0x2 ./App/boot.o
                0x000000000801030c                BootComInit
 .text.BootComCheckActivationRequest
                0x000000000801030e        0x2 ./App/boot.o
                0x000000000801030e                BootComCheckActivationRequest
 .text.LedInit  0x0000000008010310       0x14 ./App/led.o
                0x0000000008010310                LedInit
 .text.LedToggle
                0x0000000008010324       0x44 ./App/led.o
                0x0000000008010324                LedToggle
 .text.TimerInit
                0x0000000008010368        0x2 ./App/timer.o
                0x0000000008010368                TimerInit
 .text.TimerGet
                0x000000000801036a        0x8 ./App/timer.o
                0x000000000801036a                TimerGet
 *fill*         0x0000000008010372        0x2 
 .text.VectorBase_Config
                0x0000000008010374       0x10 ./Core/Src/main.o
 .text.LL_SYSCFG_SetEXTISource
                0x0000000008010384       0x3c ./Core/Src/main.o
 .text.MX_GPIO_Init
                0x00000000080103c0      0x518 ./Core/Src/main.o
 .text.MX_USB_OTG_HS_PCD_Init
                0x00000000080108d8       0x34 ./Core/Src/main.o
 .text.SystemClock_Config
                0x000000000801090c      0x148 ./Core/Src/main.o
                0x000000000801090c                SystemClock_Config
 .text.main     0x0000000008010a54       0x20 ./Core/Src/main.o
                0x0000000008010a54                main
 .text.HAL_MspInit
                0x0000000008010a74       0x24 ./Core/Src/stm32h7xx_hal_msp.o
                0x0000000008010a74                HAL_MspInit
 .text.HAL_PCD_MspInit
                0x0000000008010a98      0x16c ./Core/Src/stm32h7xx_hal_msp.o
                0x0000000008010a98                HAL_PCD_MspInit
 .text.NMI_Handler
                0x0000000008010c04        0x2 ./Core/Src/stm32h7xx_it.o
                0x0000000008010c04                NMI_Handler
 .text.HardFault_Handler
                0x0000000008010c06        0x2 ./Core/Src/stm32h7xx_it.o
                0x0000000008010c06                HardFault_Handler
 .text.MemManage_Handler
                0x0000000008010c08        0x2 ./Core/Src/stm32h7xx_it.o
                0x0000000008010c08                MemManage_Handler
 .text.BusFault_Handler
                0x0000000008010c0a        0x2 ./Core/Src/stm32h7xx_it.o
                0x0000000008010c0a                BusFault_Handler
 .text.UsageFault_Handler
                0x0000000008010c0c        0x2 ./Core/Src/stm32h7xx_it.o
                0x0000000008010c0c                UsageFault_Handler
 .text.SVC_Handler
                0x0000000008010c0e        0x2 ./Core/Src/stm32h7xx_it.o
                0x0000000008010c0e                SVC_Handler
 .text.DebugMon_Handler
                0x0000000008010c10        0x2 ./Core/Src/stm32h7xx_it.o
                0x0000000008010c10                DebugMon_Handler
 .text.PendSV_Handler
                0x0000000008010c12        0x2 ./Core/Src/stm32h7xx_it.o
                0x0000000008010c12                PendSV_Handler
 .text.SysTick_Handler
                0x0000000008010c14        0x8 ./Core/Src/stm32h7xx_it.o
                0x0000000008010c14                SysTick_Handler
 .text.SystemInit
                0x0000000008010c1c       0xb4 ./Core/Src/system_stm32h7xx.o
                0x0000000008010c1c                SystemInit
 .text.Reset_Handler
                0x0000000008010cd0       0x94 ./Core/Startup/startup_stm32h7b3lihxq.o
                0x0000000008010cd0                Reset_Handler
 .text.Default_Handler
                0x0000000008010d64        0x2 ./Core/Startup/startup_stm32h7b3lihxq.o
                0x0000000008010d64                RTC_Alarm_IRQHandler
                0x0000000008010d64                HASH_RNG_IRQHandler
                0x0000000008010d64                EXTI2_IRQHandler
                0x0000000008010d64                TIM8_CC_IRQHandler
                0x0000000008010d64                UART8_IRQHandler
                0x0000000008010d64                BDMA2_Channel1_IRQHandler
                0x0000000008010d64                SPI4_IRQHandler
                0x0000000008010d64                BDMA2_Channel0_IRQHandler
                0x0000000008010d64                TIM1_CC_IRQHandler
                0x0000000008010d64                DMA2_Stream5_IRQHandler
                0x0000000008010d64                JPEG_IRQHandler
                0x0000000008010d64                DMA1_Stream5_IRQHandler
                0x0000000008010d64                EXTI3_IRQHandler
                0x0000000008010d64                LPTIM4_IRQHandler
                0x0000000008010d64                TIM8_TRG_COM_TIM14_IRQHandler
                0x0000000008010d64                LPTIM2_IRQHandler
                0x0000000008010d64                DFSDM1_FLT1_IRQHandler
                0x0000000008010d64                DMAMUX2_OVR_IRQHandler
                0x0000000008010d64                GFXMMU_IRQHandler
                0x0000000008010d64                TIM8_UP_TIM13_IRQHandler
                0x0000000008010d64                I2C3_ER_IRQHandler
                0x0000000008010d64                DFSDM1_FLT2_IRQHandler
                0x0000000008010d64                USART10_IRQHandler
                0x0000000008010d64                MDMA_IRQHandler
                0x0000000008010d64                LPTIM3_IRQHandler
                0x0000000008010d64                BDMA2_Channel3_IRQHandler
                0x0000000008010d64                HSEM1_IRQHandler
                0x0000000008010d64                EXTI0_IRQHandler
                0x0000000008010d64                I2C2_EV_IRQHandler
                0x0000000008010d64                DAC2_IRQHandler
                0x0000000008010d64                DMA1_Stream2_IRQHandler
                0x0000000008010d64                FPU_IRQHandler
                0x0000000008010d64                OTG_HS_WKUP_IRQHandler
                0x0000000008010d64                FDCAN1_IT1_IRQHandler
                0x0000000008010d64                LTDC_ER_IRQHandler
                0x0000000008010d64                DMA2_Stream2_IRQHandler
                0x0000000008010d64                SPI1_IRQHandler
                0x0000000008010d64                OCTOSPI1_IRQHandler
                0x0000000008010d64                TIM6_DAC_IRQHandler
                0x0000000008010d64                BDMA2_Channel6_IRQHandler
                0x0000000008010d64                DMA2_Stream3_IRQHandler
                0x0000000008010d64                OCTOSPI2_IRQHandler
                0x0000000008010d64                SAI2_IRQHandler
                0x0000000008010d64                BDMA1_IRQHandler
                0x0000000008010d64                DFSDM1_FLT3_IRQHandler
                0x0000000008010d64                USART6_IRQHandler
                0x0000000008010d64                TIM17_IRQHandler
                0x0000000008010d64                USART3_IRQHandler
                0x0000000008010d64                CRYP_IRQHandler
                0x0000000008010d64                LPTIM5_IRQHandler
                0x0000000008010d64                UART5_IRQHandler
                0x0000000008010d64                DMA2_Stream0_IRQHandler
                0x0000000008010d64                TIM4_IRQHandler
                0x0000000008010d64                I2C1_EV_IRQHandler
                0x0000000008010d64                DMA1_Stream6_IRQHandler
                0x0000000008010d64                DMAMUX1_OVR_IRQHandler
                0x0000000008010d64                DMA1_Stream1_IRQHandler
                0x0000000008010d64                TIM16_IRQHandler
                0x0000000008010d64                UART4_IRQHandler
                0x0000000008010d64                TIM3_IRQHandler
                0x0000000008010d64                RCC_IRQHandler
                0x0000000008010d64                UART9_IRQHandler
                0x0000000008010d64                TIM8_BRK_TIM12_IRQHandler
                0x0000000008010d64                TIM1_TRG_COM_IRQHandler
                0x0000000008010d64                Default_Handler
                0x0000000008010d64                ECC_IRQHandler
                0x0000000008010d64                BDMA2_Channel2_IRQHandler
                0x0000000008010d64                CEC_IRQHandler
                0x0000000008010d64                EXTI15_10_IRQHandler
                0x0000000008010d64                DFSDM1_FLT4_IRQHandler
                0x0000000008010d64                ADC_IRQHandler
                0x0000000008010d64                OTFDEC1_IRQHandler
                0x0000000008010d64                DMA1_Stream7_IRQHandler
                0x0000000008010d64                SPI5_IRQHandler
                0x0000000008010d64                TIM7_IRQHandler
                0x0000000008010d64                SDMMC1_IRQHandler
                0x0000000008010d64                TIM5_IRQHandler
                0x0000000008010d64                DMA2_Stream7_IRQHandler
                0x0000000008010d64                TIM15_IRQHandler
                0x0000000008010d64                I2C3_EV_IRQHandler
                0x0000000008010d64                DFSDM2_IRQHandler
                0x0000000008010d64                EXTI9_5_IRQHandler
                0x0000000008010d64                RTC_WKUP_IRQHandler
                0x0000000008010d64                LTDC_IRQHandler
                0x0000000008010d64                SPDIF_RX_IRQHandler
                0x0000000008010d64                PVD_PVM_IRQHandler
                0x0000000008010d64                SPI2_IRQHandler
                0x0000000008010d64                OTG_HS_EP1_IN_IRQHandler
                0x0000000008010d64                DFSDM1_FLT5_IRQHandler
                0x0000000008010d64                DMA1_Stream0_IRQHandler
                0x0000000008010d64                OTFDEC2_IRQHandler
                0x0000000008010d64                CRS_IRQHandler
                0x0000000008010d64                EXTI4_IRQHandler
                0x0000000008010d64                DFSDM1_FLT6_IRQHandler
                0x0000000008010d64                FDCAN2_IT1_IRQHandler
                0x0000000008010d64                COMP_IRQHandler
                0x0000000008010d64                TIM1_UP_IRQHandler
                0x0000000008010d64                OTG_HS_EP1_OUT_IRQHandler
                0x0000000008010d64                WWDG_IRQHandler
                0x0000000008010d64                SPI6_IRQHandler
                0x0000000008010d64                MDIOS_IRQHandler
                0x0000000008010d64                I2C4_EV_IRQHandler
                0x0000000008010d64                FDCAN2_IT0_IRQHandler
                0x0000000008010d64                LPUART1_IRQHandler
                0x0000000008010d64                FDCAN1_IT0_IRQHandler
                0x0000000008010d64                TIM2_IRQHandler
                0x0000000008010d64                BDMA2_Channel5_IRQHandler
                0x0000000008010d64                OTG_HS_IRQHandler
                0x0000000008010d64                DMA2D_IRQHandler
                0x0000000008010d64                TIM1_BRK_IRQHandler
                0x0000000008010d64                EXTI1_IRQHandler
                0x0000000008010d64                SDMMC2_IRQHandler
                0x0000000008010d64                DTS_IRQHandler
                0x0000000008010d64                UART7_IRQHandler
                0x0000000008010d64                MDIOS_WKUP_IRQHandler
                0x0000000008010d64                USART2_IRQHandler
                0x0000000008010d64                DFSDM1_FLT0_IRQHandler
                0x0000000008010d64                I2C2_ER_IRQHandler
                0x0000000008010d64                DMA2_Stream1_IRQHandler
                0x0000000008010d64                DFSDM1_FLT7_IRQHandler
                0x0000000008010d64                FLASH_IRQHandler
                0x0000000008010d64                DMA2_Stream4_IRQHandler
                0x0000000008010d64                USART1_IRQHandler
                0x0000000008010d64                SPI3_IRQHandler
                0x0000000008010d64                WAKEUP_PIN_IRQHandler
                0x0000000008010d64                DMA1_Stream4_IRQHandler
                0x0000000008010d64                I2C1_ER_IRQHandler
                0x0000000008010d64                FMC_IRQHandler
                0x0000000008010d64                BDMA2_Channel7_IRQHandler
                0x0000000008010d64                FDCAN_CAL_IRQHandler
                0x0000000008010d64                SWPMI1_IRQHandler
                0x0000000008010d64                LPTIM1_IRQHandler
                0x0000000008010d64                DCMI_PSSI_IRQHandler
                0x0000000008010d64                I2C4_ER_IRQHandler
                0x0000000008010d64                DMA2_Stream6_IRQHandler
                0x0000000008010d64                SAI1_IRQHandler
                0x0000000008010d64                DMA1_Stream3_IRQHandler
                0x0000000008010d64                RTC_TAMP_STAMP_CSS_LSE_IRQHandler
                0x0000000008010d64                BDMA2_Channel4_IRQHandler
 *fill*         0x0000000008010d66        0x2 
 .text.HAL_InitTick
                0x0000000008010d68       0x50 ./Drivers/STM32H7xx_HAL_Driver/Src/stm32h7xx_hal.o
                0x0000000008010d68                HAL_InitTick
 .text.HAL_Init
                0x0000000008010db8       0x5c ./Drivers/STM32H7xx_HAL_Driver/Src/stm32h7xx_hal.o
                0x0000000008010db8                HAL_Init
 .text.HAL_IncTick
                0x0000000008010e14       0x18 ./Drivers/STM32H7xx_HAL_Driver/Src/stm32h7xx_hal.o
                0x0000000008010e14                HAL_IncTick
 .text.HAL_GetTick
                0x0000000008010e2c        0xc ./Drivers/STM32H7xx_HAL_Driver/Src/stm32h7xx_hal.o
                0x0000000008010e2c                HAL_GetTick
 .text.HAL_Delay
                0x0000000008010e38       0x28 ./Drivers/STM32H7xx_HAL_Driver/Src/stm32h7xx_hal.o
                0x0000000008010e38                HAL_Delay
 .text.HAL_NVIC_SetPriorityGrouping
                0x0000000008010e60       0x24 ./Drivers/STM32H7xx_HAL_Driver/Src/stm32h7xx_hal_cortex.o
                0x0000000008010e60                HAL_NVIC_SetPriorityGrouping
 .text.HAL_NVIC_SetPriority
                0x0000000008010e84       0x6c ./Drivers/STM32H7xx_HAL_Driver/Src/stm32h7xx_hal_cortex.o
                0x0000000008010e84                HAL_NVIC_SetPriority
 .text.HAL_SYSTICK_Config
                0x0000000008010ef0       0x28 ./Drivers/STM32H7xx_HAL_Driver/Src/stm32h7xx_hal_cortex.o
                0x0000000008010ef0                HAL_SYSTICK_Config
 .text.HAL_GPIO_Init
                0x0000000008010f18      0x220 ./Drivers/STM32H7xx_HAL_Driver/Src/stm32h7xx_hal_gpio.o
                0x0000000008010f18                HAL_GPIO_Init
 .text.HAL_GPIO_WritePin
                0x0000000008011138        0xc ./Drivers/STM32H7xx_HAL_Driver/Src/stm32h7xx_hal_gpio.o
                0x0000000008011138                HAL_GPIO_WritePin
 .text.HAL_PCD_Init
                0x0000000008011144      0x13c ./Drivers/STM32H7xx_HAL_Driver/Src/stm32h7xx_hal_pcd.o
                0x0000000008011144                HAL_PCD_Init
 .text.HAL_PCDEx_ActivateLPM
                0x0000000008011280       0x28 ./Drivers/STM32H7xx_HAL_Driver/Src/stm32h7xx_hal_pcd_ex.o
                0x0000000008011280                HAL_PCDEx_ActivateLPM
 .text.HAL_RCC_GetSysClockFreq
                0x00000000080112a8      0x1f4 ./Drivers/STM32H7xx_HAL_Driver/Src/stm32h7xx_hal_rcc.o
                0x00000000080112a8                HAL_RCC_GetSysClockFreq
 .text.LL_EXTI_Init
                0x000000000801149c      0x292 ./Drivers/STM32H7xx_HAL_Driver/Src/stm32h7xx_ll_exti.o
                0x000000000801149c                LL_EXTI_Init
 .text.LL_GPIO_Init
                0x000000000801172e       0xdc ./Drivers/STM32H7xx_HAL_Driver/Src/stm32h7xx_ll_gpio.o
                0x000000000801172e                LL_GPIO_Init
 *fill*         0x000000000801180a        0x2 
 .text.USB_CoreReset
                0x000000000801180c       0x50 ./Drivers/STM32H7xx_HAL_Driver/Src/stm32h7xx_ll_usb.o
 .text.USB_CoreInit
                0x000000000801185c       0x9c ./Drivers/STM32H7xx_HAL_Driver/Src/stm32h7xx_ll_usb.o
                0x000000000801185c                USB_CoreInit
 .text.USB_DisableGlobalInt
                0x00000000080118f8        0xc ./Drivers/STM32H7xx_HAL_Driver/Src/stm32h7xx_ll_usb.o
                0x00000000080118f8                USB_DisableGlobalInt
 .text.USB_FlushTxFifo
                0x0000000008011904       0x50 ./Drivers/STM32H7xx_HAL_Driver/Src/stm32h7xx_ll_usb.o
                0x0000000008011904                USB_FlushTxFifo
 .text.USB_FlushRxFifo
                0x0000000008011954       0x4c ./Drivers/STM32H7xx_HAL_Driver/Src/stm32h7xx_ll_usb.o
                0x0000000008011954                USB_FlushRxFifo
 .text.USB_SetDevSpeed
                0x00000000080119a0        0xe ./Drivers/STM32H7xx_HAL_Driver/Src/stm32h7xx_ll_usb.o
                0x00000000080119a0                USB_SetDevSpeed
 *fill*         0x00000000080119ae        0x2 
 .text.USB_DevInit
                0x00000000080119b0      0x188 ./Drivers/STM32H7xx_HAL_Driver/Src/stm32h7xx_ll_usb.o
                0x00000000080119b0                USB_DevInit
 .text.USB_DevDisconnect
                0x0000000008011b38       0x1c ./Drivers/STM32H7xx_HAL_Driver/Src/stm32h7xx_ll_usb.o
                0x0000000008011b38                USB_DevDisconnect
 .text.USB_GetMode
                0x0000000008011b54        0x8 ./Drivers/STM32H7xx_HAL_Driver/Src/stm32h7xx_ll_usb.o
                0x0000000008011b54                USB_GetMode
 .text.USB_SetCurrentMode
                0x0000000008011b5c       0x62 ./Drivers/STM32H7xx_HAL_Driver/Src/stm32h7xx_ll_usb.o
                0x0000000008011b5c                USB_SetCurrentMode
 *fill*         0x0000000008011bbe        0x2 
 .text.LL_SetSystemCoreClock
                0x0000000008011bc0        0xc ./Drivers/STM32H7xx_HAL_Driver/Src/stm32h7xx_ll_utils.o
                0x0000000008011bc0                LL_SetSystemCoreClock
 .text.__libc_init_array
                0x0000000008011bcc       0x48 s:/st/stm32cubeide_1.9.0/stm32cubeide/plugins/com.st.stm32cube.ide.mcu.externaltools.gnu-tools-for-stm32.10.3-2021.10.win32_1.0.0.202111181127/tools/bin/../lib/gcc/arm-none-eabi/10.3.1/../../../../arm-none-eabi/lib/thumb/v7e-m+dp/hard\libc.a(lib_a-init.o)
                0x0000000008011bcc                __libc_init_array
 .text.startup.register_fini
                0x0000000008011c14       0x14 s:/st/stm32cubeide_1.9.0/stm32cubeide/plugins/com.st.stm32cube.ide.mcu.externaltools.gnu-tools-for-stm32.10.3-2021.10.win32_1.0.0.202111181127/tools/bin/../lib/gcc/arm-none-eabi/10.3.1/../../../../arm-none-eabi/lib/thumb/v7e-m+dp/hard\libc.a(lib_a-__call_atexit.o)
 .text.atexit   0x0000000008011c28        0xc s:/st/stm32cubeide_1.9.0/stm32cubeide/plugins/com.st.stm32cube.ide.mcu.externaltools.gnu-tools-for-stm32.10.3-2021.10.win32_1.0.0.202111181127/tools/bin/../lib/gcc/arm-none-eabi/10.3.1/../../../../arm-none-eabi/lib/thumb/v7e-m+dp/hard\libc.a(lib_a-atexit.o)
                0x0000000008011c28                atexit
 .text.__libc_fini_array
                0x0000000008011c34       0x28 s:/st/stm32cubeide_1.9.0/stm32cubeide/plugins/com.st.stm32cube.ide.mcu.externaltools.gnu-tools-for-stm32.10.3-2021.10.win32_1.0.0.202111181127/tools/bin/../lib/gcc/arm-none-eabi/10.3.1/../../../../arm-none-eabi/lib/thumb/v7e-m+dp/hard\libc.a(lib_a-fini.o)
                0x0000000008011c34                __libc_fini_array
 .text.__retarget_lock_acquire_recursive
                0x0000000008011c5c        0x2 s:/st/stm32cubeide_1.9.0/stm32cubeide/plugins/com.st.stm32cube.ide.mcu.externaltools.gnu-tools-for-stm32.10.3-2021.10.win32_1.0.0.202111181127/tools/bin/../lib/gcc/arm-none-eabi/10.3.1/../../../../arm-none-eabi/lib/thumb/v7e-m+dp/hard\libc.a(lib_a-lock.o)
                0x0000000008011c5c                __retarget_lock_acquire_recursive
 .text.__retarget_lock_release_recursive
                0x0000000008011c5e        0x2 s:/st/stm32cubeide_1.9.0/stm32cubeide/plugins/com.st.stm32cube.ide.mcu.externaltools.gnu-tools-for-stm32.10.3-2021.10.win32_1.0.0.202111181127/tools/bin/../lib/gcc/arm-none-eabi/10.3.1/../../../../arm-none-eabi/lib/thumb/v7e-m+dp/hard\libc.a(lib_a-lock.o)
                0x0000000008011c5e                __retarget_lock_release_recursive
 .text.__register_exitproc
                0x0000000008011c60       0x84 s:/st/stm32cubeide_1.9.0/stm32cubeide/plugins/com.st.stm32cube.ide.mcu.externaltools.gnu-tools-for-stm32.10.3-2021.10.win32_1.0.0.202111181127/tools/bin/../lib/gcc/arm-none-eabi/10.3.1/../../../../arm-none-eabi/lib/thumb/v7e-m+dp/hard\libc.a(lib_a-__atexit.o)
                0x0000000008011c60                __register_exitproc
 *(.glue_7)
 .glue_7        0x0000000008011ce4        0x0 linker stubs
 *(.glue_7t)
 .glue_7t       0x0000000008011ce4        0x0 linker stubs
 *(.eh_frame)
 .eh_frame      0x0000000008011ce4        0x0 s:/st/stm32cubeide_1.9.0/stm32cubeide/plugins/com.st.stm32cube.ide.mcu.externaltools.gnu-tools-for-stm32.10.3-2021.10.win32_1.0.0.202111181127/tools/bin/../lib/gcc/arm-none-eabi/10.3.1/thumb/v7e-m+dp/hard/crtbegin.o
 *(.init)
 .init          0x0000000008011ce4        0x4 s:/st/stm32cubeide_1.9.0/stm32cubeide/plugins/com.st.stm32cube.ide.mcu.externaltools.gnu-tools-for-stm32.10.3-2021.10.win32_1.0.0.202111181127/tools/bin/../lib/gcc/arm-none-eabi/10.3.1/thumb/v7e-m+dp/hard/crti.o
                0x0000000008011ce4                _init
 .init          0x0000000008011ce8        0x8 s:/st/stm32cubeide_1.9.0/stm32cubeide/plugins/com.st.stm32cube.ide.mcu.externaltools.gnu-tools-for-stm32.10.3-2021.10.win32_1.0.0.202111181127/tools/bin/../lib/gcc/arm-none-eabi/10.3.1/thumb/v7e-m+dp/hard/crtn.o
 *(.fini)
 .fini          0x0000000008011cf0        0x4 s:/st/stm32cubeide_1.9.0/stm32cubeide/plugins/com.st.stm32cube.ide.mcu.externaltools.gnu-tools-for-stm32.10.3-2021.10.win32_1.0.0.202111181127/tools/bin/../lib/gcc/arm-none-eabi/10.3.1/thumb/v7e-m+dp/hard/crti.o
                0x0000000008011cf0                _fini
 .fini          0x0000000008011cf4        0x8 s:/st/stm32cubeide_1.9.0/stm32cubeide/plugins/com.st.stm32cube.ide.mcu.externaltools.gnu-tools-for-stm32.10.3-2021.10.win32_1.0.0.202111181127/tools/bin/../lib/gcc/arm-none-eabi/10.3.1/thumb/v7e-m+dp/hard/crtn.o
                0x0000000008011cfc                . = ALIGN (0x4)
                0x0000000008011cfc                _etext = .

.vfp11_veneer   0x0000000008011cfc        0x0
 .vfp11_veneer  0x0000000008011cfc        0x0 linker stubs

.v4_bx          0x0000000008011cfc        0x0
 .v4_bx         0x0000000008011cfc        0x0 linker stubs

.iplt           0x0000000008011cfc        0x0
 .iplt          0x0000000008011cfc        0x0 s:/st/stm32cubeide_1.9.0/stm32cubeide/plugins/com.st.stm32cube.ide.mcu.externaltools.gnu-tools-for-stm32.10.3-2021.10.win32_1.0.0.202111181127/tools/bin/../lib/gcc/arm-none-eabi/10.3.1/thumb/v7e-m+dp/hard/crtbegin.o

.user_data      0x0000000008180000        0x0
                0x0000000008180000                . = ALIGN (0x4)
                0x0000000008180000                _BeginData = .
 *(SORT_BY_NAME(.user_data.*))
 *(.user_data*)
                0x0000000008180000                . = ALIGN (0x4)
                0x0000000008180000                _EndData = .

.rodata         0x0000000008011cfc       0x14
                0x0000000008011cfc                . = ALIGN (0x4)
 *(.rodata)
 *(.rodata*)
 .rodata.D1CorePrescTable
                0x0000000008011cfc       0x10 ./Core/Src/system_stm32h7xx.o
                0x0000000008011cfc                D1CorePrescTable
 .rodata._global_impure_ptr
                0x0000000008011d0c        0x4 s:/st/stm32cubeide_1.9.0/stm32cubeide/plugins/com.st.stm32cube.ide.mcu.externaltools.gnu-tools-for-stm32.10.3-2021.10.win32_1.0.0.202111181127/tools/bin/../lib/gcc/arm-none-eabi/10.3.1/../../../../arm-none-eabi/lib/thumb/v7e-m+dp/hard\libc.a(lib_a-impure.o)
                0x0000000008011d0c                _global_impure_ptr
                0x0000000008011d10                . = ALIGN (0x4)

.rel.dyn        0x0000000008011d10        0x0
 .rel.iplt      0x0000000008011d10        0x0 s:/st/stm32cubeide_1.9.0/stm32cubeide/plugins/com.st.stm32cube.ide.mcu.externaltools.gnu-tools-for-stm32.10.3-2021.10.win32_1.0.0.202111181127/tools/bin/../lib/gcc/arm-none-eabi/10.3.1/thumb/v7e-m+dp/hard/crtbegin.o

.ARM.extab
 *(.ARM.extab* .gnu.linkonce.armextab.*)

.ARM            0x0000000008011d10        0x0
                0x0000000008011d10                __exidx_start = .
 *(.ARM.exidx*)
                0x0000000008011d10                __exidx_end = .

.preinit_array  0x0000000008011d10        0x0
                0x0000000008011d10                PROVIDE (__preinit_array_start = .)
 *(.preinit_array*)
                0x0000000008011d10                PROVIDE (__preinit_array_end = .)

.init_array     0x0000000008011d10        0x8
                0x0000000008011d10                PROVIDE (__init_array_start = .)
 *(SORT_BY_NAME(.init_array.*))
 .init_array.00000
                0x0000000008011d10        0x4 s:/st/stm32cubeide_1.9.0/stm32cubeide/plugins/com.st.stm32cube.ide.mcu.externaltools.gnu-tools-for-stm32.10.3-2021.10.win32_1.0.0.202111181127/tools/bin/../lib/gcc/arm-none-eabi/10.3.1/../../../../arm-none-eabi/lib/thumb/v7e-m+dp/hard\libc.a(lib_a-__call_atexit.o)
 *(.init_array*)
 .init_array    0x0000000008011d14        0x4 s:/st/stm32cubeide_1.9.0/stm32cubeide/plugins/com.st.stm32cube.ide.mcu.externaltools.gnu-tools-for-stm32.10.3-2021.10.win32_1.0.0.202111181127/tools/bin/../lib/gcc/arm-none-eabi/10.3.1/thumb/v7e-m+dp/hard/crtbegin.o
                0x0000000008011d18                PROVIDE (__init_array_end = .)

.fini_array     0x0000000008011d18        0x4
                0x0000000008011d18                PROVIDE (__fini_array_start = .)
 *(SORT_BY_NAME(.fini_array.*))
 *(.fini_array*)
 .fini_array    0x0000000008011d18        0x4 s:/st/stm32cubeide_1.9.0/stm32cubeide/plugins/com.st.stm32cube.ide.mcu.externaltools.gnu-tools-for-stm32.10.3-2021.10.win32_1.0.0.202111181127/tools/bin/../lib/gcc/arm-none-eabi/10.3.1/thumb/v7e-m+dp/hard/crtbegin.o
                0x0000000008011d1c                PROVIDE (__fini_array_end = .)
                0x0000000008011d1c                _sidata = LOADADDR (.data)

.data           0x0000000024000000      0x43c load address 0x0000000008011d1c
                0x0000000024000000                . = ALIGN (0x4)
                0x0000000024000000                _sdata = .
 *(.data)
 *(.data*)
 .data.SystemCoreClock
                0x0000000024000000        0x4 ./Core/Src/system_stm32h7xx.o
                0x0000000024000000                SystemCoreClock
 .data.SystemD2Clock
                0x0000000024000004        0x4 ./Core/Src/system_stm32h7xx.o
                0x0000000024000004                SystemD2Clock
 .data.uwTickFreq
                0x0000000024000008        0x1 ./Drivers/STM32H7xx_HAL_Driver/Src/stm32h7xx_hal.o
                0x0000000024000008                uwTickFreq
 *fill*         0x0000000024000009        0x3 
 .data.uwTickPrio
                0x000000002400000c        0x4 ./Drivers/STM32H7xx_HAL_Driver/Src/stm32h7xx_hal.o
                0x000000002400000c                uwTickPrio
 .data.impure_data
                0x0000000024000010      0x428 s:/st/stm32cubeide_1.9.0/stm32cubeide/plugins/com.st.stm32cube.ide.mcu.externaltools.gnu-tools-for-stm32.10.3-2021.10.win32_1.0.0.202111181127/tools/bin/../lib/gcc/arm-none-eabi/10.3.1/../../../../arm-none-eabi/lib/thumb/v7e-m+dp/hard\libc.a(lib_a-impure.o)
 .data.__atexit_recursive_mutex
                0x0000000024000438        0x4 s:/st/stm32cubeide_1.9.0/stm32cubeide/plugins/com.st.stm32cube.ide.mcu.externaltools.gnu-tools-for-stm32.10.3-2021.10.win32_1.0.0.202111181127/tools/bin/../lib/gcc/arm-none-eabi/10.3.1/../../../../arm-none-eabi/lib/thumb/v7e-m+dp/hard\libc.a(lib_a-__call_atexit.o)
                0x0000000024000438                __atexit_recursive_mutex
 *(.RamFunc)
 *(.RamFunc*)
                0x000000002400043c                . = ALIGN (0x4)
                0x000000002400043c                _edata = .

.igot.plt       0x000000002400043c        0x0 load address 0x0000000008012158
 .igot.plt      0x000000002400043c        0x0 s:/st/stm32cubeide_1.9.0/stm32cubeide/plugins/com.st.stm32cube.ide.mcu.externaltools.gnu-tools-for-stm32.10.3-2021.10.win32_1.0.0.202111181127/tools/bin/../lib/gcc/arm-none-eabi/10.3.1/thumb/v7e-m+dp/hard/crtbegin.o
                0x000000002400043c                . = ALIGN (0x4)

.bss            0x000000002400043c      0x538 load address 0x0000000008012158
                0x000000002400043c                _sbss = .
                0x000000002400043c                __bss_start__ = _sbss
 *(.bss)
 .bss           0x000000002400043c       0x1c s:/st/stm32cubeide_1.9.0/stm32cubeide/plugins/com.st.stm32cube.ide.mcu.externaltools.gnu-tools-for-stm32.10.3-2021.10.win32_1.0.0.202111181127/tools/bin/../lib/gcc/arm-none-eabi/10.3.1/thumb/v7e-m+dp/hard/crtbegin.o
 *(.bss*)
 .bss.led_toggle_state.0
                0x0000000024000458        0x1 ./App/led.o
 *fill*         0x0000000024000459        0x3 
 .bss.timer_counter_last.1
                0x000000002400045c        0x4 ./App/led.o
 .bss.hpcd_USB_OTG_HS
                0x0000000024000460      0x50c ./Core/Src/main.o
                0x0000000024000460                hpcd_USB_OTG_HS
 .bss.uwTick    0x000000002400096c        0x4 ./Drivers/STM32H7xx_HAL_Driver/Src/stm32h7xx_hal.o
                0x000000002400096c                uwTick
 .bss.__lock___atexit_recursive_mutex
                0x0000000024000970        0x1 s:/st/stm32cubeide_1.9.0/stm32cubeide/plugins/com.st.stm32cube.ide.mcu.externaltools.gnu-tools-for-stm32.10.3-2021.10.win32_1.0.0.202111181127/tools/bin/../lib/gcc/arm-none-eabi/10.3.1/../../../../arm-none-eabi/lib/thumb/v7e-m+dp/hard\libc.a(lib_a-lock.o)
                0x0000000024000970                __lock___atexit_recursive_mutex
 *(COMMON)
                0x0000000024000974                . = ALIGN (0x4)
 *fill*         0x0000000024000971        0x3 
                0x0000000024000974                _ebss = .
                0x0000000024000974                __bss_end__ = _ebss

._user_heap_stack
                0x0000000024000974     0x1404 load address 0x0000000008012158
                0x0000000024000978                . = ALIGN (0x8)
 *fill*         0x0000000024000974        0x4 
                [!provide]                        PROVIDE (end = .)
                0x0000000024000978                PROVIDE (_end = .)
                0x0000000024000b78                . = (. + _Min_Heap_Size)
 *fill*         0x0000000024000978      0x200 
                0x0000000024001d78                . = (. + _Min_Stack_Size)
 *fill*         0x0000000024000b78     0x1200 
                0x0000000024001d78                . = ALIGN (0x8)

.DATA_RAM_SRD

.DATA_DTCMRAM1

.DATA_RAM_NOCACHE
                0x0000000024080000        0x0
                0x0000000024080000                . = ALIGN (0x4)
                0x0000000024080000                _snocachedata = .
 *(.DATA_RAM_NOCACHE)
 *(.DATA_RAM_NOCACHE*)
                0x0000000024080000                . = ALIGN (0x4)
                0x0000000024080000                _enocachedata = .
                0x0000000024080000                _sinocachedata = LOADADDR (.DATA_RAM_NOCACHE)

.DATA_DTCMRAM2  0x0000000020010000        0x0
                0x0000000020010000                . = ALIGN (0x20)
 *(.DATA_DTCMRAM2)
 *(.DATA_DTCMRAM2*)
                0x0000000020010000                . = ALIGN (0x20)

/DISCARD/
 libc.a(*)
 libm.a(*)
 libgcc.a(*)

.ARM.attributes
                0x0000000000000000       0x2e
 *(.ARM.attributes)
 .ARM.attributes
                0x0000000000000000       0x1e s:/st/stm32cubeide_1.9.0/stm32cubeide/plugins/com.st.stm32cube.ide.mcu.externaltools.gnu-tools-for-stm32.10.3-2021.10.win32_1.0.0.202111181127/tools/bin/../lib/gcc/arm-none-eabi/10.3.1/thumb/v7e-m+dp/hard/crti.o
 .ARM.attributes
                0x000000000000001e       0x32 s:/st/stm32cubeide_1.9.0/stm32cubeide/plugins/com.st.stm32cube.ide.mcu.externaltools.gnu-tools-for-stm32.10.3-2021.10.win32_1.0.0.202111181127/tools/bin/../lib/gcc/arm-none-eabi/10.3.1/thumb/v7e-m+dp/hard/crtbegin.o
 .ARM.attributes
                0x0000000000000050       0x32 ./App/app.o
 .ARM.attributes
                0x0000000000000082       0x32 ./App/boot.o
 .ARM.attributes
                0x00000000000000b4       0x32 ./App/led.o
 .ARM.attributes
                0x00000000000000e6       0x32 ./App/timer.o
 .ARM.attributes
                0x0000000000000118       0x32 ./Core/Src/main.o
 .ARM.attributes
                0x000000000000014a       0x32 ./Core/Src/stm32h7xx_hal_msp.o
 .ARM.attributes
                0x000000000000017c       0x32 ./Core/Src/stm32h7xx_it.o
 .ARM.attributes
                0x00000000000001ae       0x32 ./Core/Src/system_stm32h7xx.o
 .ARM.attributes
                0x00000000000001e0       0x21 ./Core/Startup/startup_stm32h7b3lihxq.o
 .ARM.attributes
                0x0000000000000201       0x32 ./Drivers/STM32H7xx_HAL_Driver/Src/stm32h7xx_hal.o
 .ARM.attributes
                0x0000000000000233       0x32 ./Drivers/STM32H7xx_HAL_Driver/Src/stm32h7xx_hal_cortex.o
 .ARM.attributes
                0x0000000000000265       0x32 ./Drivers/STM32H7xx_HAL_Driver/Src/stm32h7xx_hal_gpio.o
 .ARM.attributes
                0x0000000000000297       0x32 ./Drivers/STM32H7xx_HAL_Driver/Src/stm32h7xx_hal_pcd.o
 .ARM.attributes
                0x00000000000002c9       0x32 ./Drivers/STM32H7xx_HAL_Driver/Src/stm32h7xx_hal_pcd_ex.o
 .ARM.attributes
                0x00000000000002fb       0x32 ./Drivers/STM32H7xx_HAL_Driver/Src/stm32h7xx_hal_rcc.o
 .ARM.attributes
                0x000000000000032d       0x32 ./Drivers/STM32H7xx_HAL_Driver/Src/stm32h7xx_ll_exti.o
 .ARM.attributes
                0x000000000000035f       0x32 ./Drivers/STM32H7xx_HAL_Driver/Src/stm32h7xx_ll_gpio.o
 .ARM.attributes
                0x0000000000000391       0x32 ./Drivers/STM32H7xx_HAL_Driver/Src/stm32h7xx_ll_usb.o
 .ARM.attributes
                0x00000000000003c3       0x32 ./Drivers/STM32H7xx_HAL_Driver/Src/stm32h7xx_ll_utils.o
 .ARM.attributes
                0x00000000000003f5       0x32 s:/st/stm32cubeide_1.9.0/stm32cubeide/plugins/com.st.stm32cube.ide.mcu.externaltools.gnu-tools-for-stm32.10.3-2021.10.win32_1.0.0.202111181127/tools/bin/../lib/gcc/arm-none-eabi/10.3.1/../../../../arm-none-eabi/lib/thumb/v7e-m+dp/hard\libc.a(lib_a-impure.o)
 .ARM.attributes
                0x0000000000000427       0x32 s:/st/stm32cubeide_1.9.0/stm32cubeide/plugins/com.st.stm32cube.ide.mcu.externaltools.gnu-tools-for-stm32.10.3-2021.10.win32_1.0.0.202111181127/tools/bin/../lib/gcc/arm-none-eabi/10.3.1/../../../../arm-none-eabi/lib/thumb/v7e-m+dp/hard\libc.a(lib_a-init.o)
 .ARM.attributes
                0x0000000000000459       0x32 s:/st/stm32cubeide_1.9.0/stm32cubeide/plugins/com.st.stm32cube.ide.mcu.externaltools.gnu-tools-for-stm32.10.3-2021.10.win32_1.0.0.202111181127/tools/bin/../lib/gcc/arm-none-eabi/10.3.1/../../../../arm-none-eabi/lib/thumb/v7e-m+dp/hard\libc.a(lib_a-__call_atexit.o)
 .ARM.attributes
                0x000000000000048b       0x32 s:/st/stm32cubeide_1.9.0/stm32cubeide/plugins/com.st.stm32cube.ide.mcu.externaltools.gnu-tools-for-stm32.10.3-2021.10.win32_1.0.0.202111181127/tools/bin/../lib/gcc/arm-none-eabi/10.3.1/../../../../arm-none-eabi/lib/thumb/v7e-m+dp/hard\libc.a(lib_a-atexit.o)
 .ARM.attributes
                0x00000000000004bd       0x32 s:/st/stm32cubeide_1.9.0/stm32cubeide/plugins/com.st.stm32cube.ide.mcu.externaltools.gnu-tools-for-stm32.10.3-2021.10.win32_1.0.0.202111181127/tools/bin/../lib/gcc/arm-none-eabi/10.3.1/../../../../arm-none-eabi/lib/thumb/v7e-m+dp/hard\libc.a(lib_a-fini.o)
 .ARM.attributes
                0x00000000000004ef       0x32 s:/st/stm32cubeide_1.9.0/stm32cubeide/plugins/com.st.stm32cube.ide.mcu.externaltools.gnu-tools-for-stm32.10.3-2021.10.win32_1.0.0.202111181127/tools/bin/../lib/gcc/arm-none-eabi/10.3.1/../../../../arm-none-eabi/lib/thumb/v7e-m+dp/hard\libc.a(lib_a-lock.o)
 .ARM.attributes
                0x0000000000000521       0x32 s:/st/stm32cubeide_1.9.0/stm32cubeide/plugins/com.st.stm32cube.ide.mcu.externaltools.gnu-tools-for-stm32.10.3-2021.10.win32_1.0.0.202111181127/tools/bin/../lib/gcc/arm-none-eabi/10.3.1/../../../../arm-none-eabi/lib/thumb/v7e-m+dp/hard\libc.a(lib_a-__atexit.o)
 .ARM.attributes
                0x0000000000000553       0x1e s:/st/stm32cubeide_1.9.0/stm32cubeide/plugins/com.st.stm32cube.ide.mcu.externaltools.gnu-tools-for-stm32.10.3-2021.10.win32_1.0.0.202111181127/tools/bin/../lib/gcc/arm-none-eabi/10.3.1/thumb/v7e-m+dp/hard/crtn.o
OUTPUT(Prog.elf elf32-littlearm)
LOAD linker stubs
LOAD s:/st/stm32cubeide_1.9.0/stm32cubeide/plugins/com.st.stm32cube.ide.mcu.externaltools.gnu-tools-for-stm32.10.3-2021.10.win32_1.0.0.202111181127/tools/bin/../lib/gcc/arm-none-eabi/10.3.1/../../../../arm-none-eabi/lib/thumb/v7e-m+dp/hard\libc.a
LOAD s:/st/stm32cubeide_1.9.0/stm32cubeide/plugins/com.st.stm32cube.ide.mcu.externaltools.gnu-tools-for-stm32.10.3-2021.10.win32_1.0.0.202111181127/tools/bin/../lib/gcc/arm-none-eabi/10.3.1/../../../../arm-none-eabi/lib/thumb/v7e-m+dp/hard\libm.a
LOAD s:/st/stm32cubeide_1.9.0/stm32cubeide/plugins/com.st.stm32cube.ide.mcu.externaltools.gnu-tools-for-stm32.10.3-2021.10.win32_1.0.0.202111181127/tools/bin/../lib/gcc/arm-none-eabi/10.3.1/thumb/v7e-m+dp/hard\libgcc.a

.comment        0x0000000000000000       0x50
 .comment       0x0000000000000000       0x50 ./App/app.o
                                         0x51 (size before relaxing)
 .comment       0x0000000000000050       0x51 ./App/boot.o
 .comment       0x0000000000000050       0x51 ./App/led.o
 .comment       0x0000000000000050       0x51 ./App/timer.o
 .comment       0x0000000000000050       0x51 ./Core/Src/main.o
 .comment       0x0000000000000050       0x51 ./Core/Src/stm32h7xx_hal_msp.o
 .comment       0x0000000000000050       0x51 ./Core/Src/stm32h7xx_it.o
 .comment       0x0000000000000050       0x51 ./Core/Src/system_stm32h7xx.o
 .comment       0x0000000000000050       0x51 ./Drivers/STM32H7xx_HAL_Driver/Src/stm32h7xx_hal.o
 .comment       0x0000000000000050       0x51 ./Drivers/STM32H7xx_HAL_Driver/Src/stm32h7xx_hal_cortex.o
 .comment       0x0000000000000050       0x51 ./Drivers/STM32H7xx_HAL_Driver/Src/stm32h7xx_hal_gpio.o
 .comment       0x0000000000000050       0x51 ./Drivers/STM32H7xx_HAL_Driver/Src/stm32h7xx_hal_pcd.o
 .comment       0x0000000000000050       0x51 ./Drivers/STM32H7xx_HAL_Driver/Src/stm32h7xx_hal_pcd_ex.o
 .comment       0x0000000000000050       0x51 ./Drivers/STM32H7xx_HAL_Driver/Src/stm32h7xx_hal_rcc.o
 .comment       0x0000000000000050       0x51 ./Drivers/STM32H7xx_HAL_Driver/Src/stm32h7xx_ll_exti.o
 .comment       0x0000000000000050       0x51 ./Drivers/STM32H7xx_HAL_Driver/Src/stm32h7xx_ll_gpio.o
 .comment       0x0000000000000050       0x51 ./Drivers/STM32H7xx_HAL_Driver/Src/stm32h7xx_ll_usb.o
 .comment       0x0000000000000050       0x51 ./Drivers/STM32H7xx_HAL_Driver/Src/stm32h7xx_ll_utils.o

.debug_line     0x0000000000000000       0xa1
 .debug_line    0x0000000000000000       0xa1 ./Core/Startup/startup_stm32h7b3lihxq.o

.debug_info     0x0000000000000000       0x22
 .debug_info    0x0000000000000000       0x22 ./Core/Startup/startup_stm32h7b3lihxq.o

.debug_abbrev   0x0000000000000000       0x12
 .debug_abbrev  0x0000000000000000       0x12 ./Core/Startup/startup_stm32h7b3lihxq.o

.debug_aranges  0x0000000000000000       0x28
 .debug_aranges
                0x0000000000000000       0x28 ./Core/Startup/startup_stm32h7b3lihxq.o

.debug_str      0x0000000000000000       0xb3
 .debug_str     0x0000000000000000       0xb3 ./Core/Startup/startup_stm32h7b3lihxq.o

.debug_ranges   0x0000000000000000       0x20
 .debug_ranges  0x0000000000000000       0x20 ./Core/Startup/startup_stm32h7b3lihxq.o

.debug_frame    0x0000000000000000      0x1c0
 .debug_frame   0x0000000000000000       0x2c s:/st/stm32cubeide_1.9.0/stm32cubeide/plugins/com.st.stm32cube.ide.mcu.externaltools.gnu-tools-for-stm32.10.3-2021.10.win32_1.0.0.202111181127/tools/bin/../lib/gcc/arm-none-eabi/10.3.1/../../../../arm-none-eabi/lib/thumb/v7e-m+dp/hard\libc.a(lib_a-init.o)
 .debug_frame   0x000000000000002c       0x58 s:/st/stm32cubeide_1.9.0/stm32cubeide/plugins/com.st.stm32cube.ide.mcu.externaltools.gnu-tools-for-stm32.10.3-2021.10.win32_1.0.0.202111181127/tools/bin/../lib/gcc/arm-none-eabi/10.3.1/../../../../arm-none-eabi/lib/thumb/v7e-m+dp/hard\libc.a(lib_a-__call_atexit.o)
 .debug_frame   0x0000000000000084       0x20 s:/st/stm32cubeide_1.9.0/stm32cubeide/plugins/com.st.stm32cube.ide.mcu.externaltools.gnu-tools-for-stm32.10.3-2021.10.win32_1.0.0.202111181127/tools/bin/../lib/gcc/arm-none-eabi/10.3.1/../../../../arm-none-eabi/lib/thumb/v7e-m+dp/hard\libc.a(lib_a-atexit.o)
 .debug_frame   0x00000000000000a4       0x38 s:/st/stm32cubeide_1.9.0/stm32cubeide/plugins/com.st.stm32cube.ide.mcu.externaltools.gnu-tools-for-stm32.10.3-2021.10.win32_1.0.0.202111181127/tools/bin/../lib/gcc/arm-none-eabi/10.3.1/../../../../arm-none-eabi/lib/thumb/v7e-m+dp/hard\libc.a(lib_a-fini.o)
 .debug_frame   0x00000000000000dc       0xb0 s:/st/stm32cubeide_1.9.0/stm32cubeide/plugins/com.st.stm32cube.ide.mcu.externaltools.gnu-tools-for-stm32.10.3-2021.10.win32_1.0.0.202111181127/tools/bin/../lib/gcc/arm-none-eabi/10.3.1/../../../../arm-none-eabi/lib/thumb/v7e-m+dp/hard\libc.a(lib_a-lock.o)
 .debug_frame   0x000000000000018c       0x34 s:/st/stm32cubeide_1.9.0/stm32cubeide/plugins/com.st.stm32cube.ide.mcu.externaltools.gnu-tools-for-stm32.10.3-2021.10.win32_1.0.0.202111181127/tools/bin/../lib/gcc/arm-none-eabi/10.3.1/../../../../arm-none-eabi/lib/thumb/v7e-m+dp/hard\libc.a(lib_a-__atexit.o)
